##fileformat=VCFv4.2
##ALT=<ID=NON_REF,Description="Represents any possible alternative allele at this location">
##FILTER=<ID=LowQual,Description="Low quality">
##FORMAT=<ID=RSTR,Number=4,Type=Integer,Description="Reference and alternate allele read counts by strand (Rf,Af,Rr,Ar)">
##FORMAT=<ID=AD,Number=R,Type=Integer,Description="Allelic depths for the ref and alt alleles in the order listed">
##FORMAT=<ID=DP,Number=1,Type=Integer,Description="Approximate read depth (reads with MQ=255 or with bad mates are filtered)">
##FORMAT=<ID=GQ,Number=1,Type=Integer,Description="Genotype Quality">
##FORMAT=<ID=GT,Number=1,Type=String,Description="Genotype">
##FORMAT=<ID=MIN_DP,Number=1,Type=Integer,Description="Minimum DP observed within the GVCF block">
##FORMAT=<ID=PGT,Number=1,Type=String,Description="Physical phasing haplotype information, describing how the alternate alleles are phased in relation to one another">
##FORMAT=<ID=PID,Number=1,Type=String,Description="Physical phasing ID information, where each unique ID within a given sample (but not across samples) connects records within a phasing group">
##FORMAT=<ID=PL,Number=G,Type=Integer,Description="Normalized, Phred-scaled likelihoods for genotypes as defined in the VCF specification">
##FORMAT=<ID=PS,Number=1,Type=Integer,Description="Phasing set (typically the position of the first variant in the set)">
##FORMAT=<ID=RGQ,Number=1,Type=Integer,Description="Unconditional reference genotype confidence, encoded as a phred quality -10*log10 p(genotype call is wrong)">
##FORMAT=<ID=SB,Number=4,Type=Integer,Description="Per-sample component statistics which comprise the Fisher's Exact Test to detect strand bias.">
##GATKCommandLine=<ID=CombineGVCFs,CommandLine="CombineGVCFs  --output GVCFS/out.chr1.g.vcf --variant /var/lib/cwl/stg757672da-7d21-4f64-8dd6-a0bc86e778d5/GAPFIDCQG5OX.gvcf.gz --variant /var/lib/cwl/stg917c7ae1-7bd0-45a5-b61e-5707dd3e1921/GAPFIMK9Z47X.gvcf.gz --variant /var/lib/cwl/stg7bfdeeea-233f-4d2f-94ff-2ea889c037eb/GAPFIJ2IGMQI.gvcf.gz --intervals chr1 --reference /var/lib/cwl/stg09f02714-693a-4e56-b423-fe0836975e88/GAPFIXRDPDK5.fa  --convert-to-base-pair-resolution false --break-bands-at-multiples-of 0 --input-is-somatic false --drop-somatic-filtering-annotations false --ignore-variants-starting-outside-interval false --interval-set-rule UNION --interval-padding 0 --interval-exclusion-padding 0 --interval-merging-rule ALL --read-validation-stringency SILENT --seconds-between-progress-updates 10.0 --disable-sequence-dictionary-validation false --create-output-bam-index true --create-output-bam-md5 false --create-output-variant-index true --create-output-variant-md5 false --lenient false --add-output-sam-program-record true --add-output-vcf-command-line true --cloud-prefetch-buffer 40 --cloud-index-prefetch-buffer -1 --disable-bam-index-caching false --sites-only-vcf-output false --help false --version false --showHidden false --verbosity INFO --QUIET false --use-jdk-deflater false --use-jdk-inflater false --gcs-max-retries 20 --gcs-project-for-requester-pays  --disable-tool-default-read-filters false --disable-tool-default-annotations false --enable-all-annotations false",Version="4.1.2.0",Date="December 17, 2019 9:35:41 PM UTC">
##GATKCommandLine=<ID=GenotypeGVCFs,CommandLine="GenotypeGVCFs  --output VCFS/out.chr1.vcf --dbsnp /var/lib/cwl/stg9556add8-f8d0-470f-99bc-b5f629b52ddf/GAPFI4LJRN98.vcf.gz --variant /var/lib/cwl/stg33cec257-5a34-4922-8201-27c1754d1a26/GAPFIJK5P7K2.gvcf.gz --intervals chr1 --reference /var/lib/cwl/stg0d4b7f2a-d364-4a77-a72c-d38ee372e067/GAPFIXRDPDK5.fa --verbosity INFO --annotations-to-exclude ExcessHet  --include-non-variant-sites false --merge-input-intervals false --input-is-somatic false --tumor-lod-to-emit 3.5 --allele-fraction-error 0.001 --keep-combined-raw-annotations false --use-new-qual-calculator true --use-old-qual-calculator false --annotate-with-num-discovered-alleles false --heterozygosity 0.001 --indel-heterozygosity 1.25E-4 --heterozygosity-stdev 0.01 --standard-min-confidence-threshold-for-calling 30.0 --max-alternate-alleles 6 --max-genotype-count 1024 --sample-ploidy 2 --num-reference-samples-if-no-call 0 --only-output-calls-starting-in-intervals false --interval-set-rule UNION --interval-padding 0 --interval-exclusion-padding 0 --interval-merging-rule ALL --read-validation-stringency SILENT --seconds-between-progress-updates 10.0 --disable-sequence-dictionary-validation false --create-output-bam-index true --create-output-bam-md5 false --create-output-variant-index true --create-output-variant-md5 false --lenient false --add-output-sam-program-record true --add-output-vcf-command-line true --cloud-prefetch-buffer 40 --cloud-index-prefetch-buffer -1 --disable-bam-index-caching false --sites-only-vcf-output false --help false --version false --showHidden false --QUIET false --use-jdk-deflater false --use-jdk-inflater false --gcs-max-retries 20 --gcs-project-for-requester-pays  --disable-tool-default-read-filters false --disable-tool-default-annotations false --enable-all-annotations false",Version="4.1.2.0",Date="February 13, 2020 9:44:12 PM UTC">
##GATKCommandLine=<ID=HaplotypeCaller,CommandLine="HaplotypeCaller  --standard-min-confidence-threshold-for-calling 0.0 --max-alternate-alleles 3 --emit-ref-confidence GVCF --output GVCFS/out.chr1:1-10000000.g.vcf --intervals chr1:1-10000000 --input chr1:1-10000000.sharded.bam --reference /var/lib/cwl/stgc904a7d9-f196-4c3c-9206-1ed2f2f75f97/GAPFIXRDPDK5.fa --read-filter OverclippedReadFilter  --use-new-qual-calculator true --use-old-qual-calculator false --annotate-with-num-discovered-alleles false --heterozygosity 0.001 --indel-heterozygosity 1.25E-4 --heterozygosity-stdev 0.01 --max-genotype-count 1024 --sample-ploidy 2 --num-reference-samples-if-no-call 0 --genotyping-mode DISCOVERY --genotype-filtered-alleles false --contamination-fraction-to-filter 0.0 --output-mode EMIT_VARIANTS_ONLY --all-site-pls false --gvcf-gq-bands 1 --gvcf-gq-bands 2 --gvcf-gq-bands 3 --gvcf-gq-bands 4 --gvcf-gq-bands 5 --gvcf-gq-bands 6 --gvcf-gq-bands 7 --gvcf-gq-bands 8 --gvcf-gq-bands 9 --gvcf-gq-bands 10 --gvcf-gq-bands 11 --gvcf-gq-bands 12 --gvcf-gq-bands 13 --gvcf-gq-bands 14 --gvcf-gq-bands 15 --gvcf-gq-bands 16 --gvcf-gq-bands 17 --gvcf-gq-bands 18 --gvcf-gq-bands 19 --gvcf-gq-bands 20 --gvcf-gq-bands 21 --gvcf-gq-bands 22 --gvcf-gq-bands 23 --gvcf-gq-bands 24 --gvcf-gq-bands 25 --gvcf-gq-bands 26 --gvcf-gq-bands 27 --gvcf-gq-bands 28 --gvcf-gq-bands 29 --gvcf-gq-bands 30 --gvcf-gq-bands 31 --gvcf-gq-bands 32 --gvcf-gq-bands 33 --gvcf-gq-bands 34 --gvcf-gq-bands 35 --gvcf-gq-bands 36 --gvcf-gq-bands 37 --gvcf-gq-bands 38 --gvcf-gq-bands 39 --gvcf-gq-bands 40 --gvcf-gq-bands 41 --gvcf-gq-bands 42 --gvcf-gq-bands 43 --gvcf-gq-bands 44 --gvcf-gq-bands 45 --gvcf-gq-bands 46 --gvcf-gq-bands 47 --gvcf-gq-bands 48 --gvcf-gq-bands 49 --gvcf-gq-bands 50 --gvcf-gq-bands 51 --gvcf-gq-bands 52 --gvcf-gq-bands 53 --gvcf-gq-bands 54 --gvcf-gq-bands 55 --gvcf-gq-bands 56 --gvcf-gq-bands 57 --gvcf-gq-bands 58 --gvcf-gq-bands 59 --gvcf-gq-bands 60 --gvcf-gq-bands 70 --gvcf-gq-bands 80 --gvcf-gq-bands 90 --gvcf-gq-bands 99 --indel-size-to-eliminate-in-ref-model 10 --use-alleles-trigger false --disable-optimizations false --just-determine-active-regions false --dont-genotype false --do-not-run-physical-phasing false --use-filtered-reads-for-annotations false --correct-overlapping-quality false --adaptive-pruning false --do-not-recover-dangling-branches false --recover-dangling-heads false --consensus false --dont-trim-active-regions false --max-disc-ar-extension 25 --max-gga-ar-extension 300 --padding-around-indels 150 --padding-around-snps 20 --kmer-size 10 --kmer-size 25 --dont-increase-kmer-sizes-for-cycles false --allow-non-unique-kmers-in-ref false --num-pruning-samples 1 --min-dangling-branch-length 4 --recover-all-dangling-branches false --max-num-haplotypes-in-population 128 --min-pruning 2 --adaptive-pruning-initial-error-rate 0.001 --pruning-lod-threshold 2.302585092994046 --max-unpruned-variants 100 --debug-assembly false --debug-graph-transformations false --capture-assembly-failure-bam false --error-correct-reads false --kmer-length-for-read-error-correction 25 --min-observations-for-kmer-to-be-solid 20 --likelihood-calculation-engine PairHMM --base-quality-score-threshold 18 --pair-hmm-gap-continuation-penalty 10 --pair-hmm-implementation FASTEST_AVAILABLE --pcr-indel-model CONSERVATIVE --phred-scaled-global-read-mismapping-rate 45 --native-pair-hmm-threads 4 --native-pair-hmm-use-double-precision false --bam-writer-type CALLED_HAPLOTYPES --dont-use-soft-clipped-bases false --min-base-quality-score 10 --smith-waterman JAVA --max-mnp-distance 0 --min-assembly-region-size 50 --max-assembly-region-size 300 --assembly-region-padding 100 --max-reads-per-alignment-start 50 --active-probability-threshold 0.002 --max-prob-propagation-distance 50 --force-active false --interval-set-rule UNION --interval-padding 0 --interval-exclusion-padding 0 --interval-merging-rule ALL --read-validation-stringency SILENT --seconds-between-progress-updates 10.0 --disable-sequence-dictionary-validation false --create-output-bam-index true --create-output-bam-md5 false --create-output-variant-index true --create-output-variant-md5 false --lenient false --add-output-sam-program-record true --add-output-vcf-command-line true --cloud-prefetch-buffer 40 --cloud-index-prefetch-buffer -1 --disable-bam-index-caching false --sites-only-vcf-output false --help false --version false --showHidden false --verbosity INFO --QUIET false --use-jdk-deflater false --use-jdk-inflater false --gcs-max-retries 20 --gcs-project-for-requester-pays  --disable-tool-default-read-filters false --minimum-mapping-quality 20 --filter-too-short 30 --dont-require-soft-clips-both-ends false --disable-tool-default-annotations false --enable-all-annotations false",Version="4.1.2.0",Date="November 26, 2019 5:06:30 PM UTC">
##INFO=<ID=novoCaller,Number=2,Type=Float,Description="Statistics from novoCaller. Format:'Post_prob|AF_unrel'">
##INFO=<ID=AC,Number=A,Type=Integer,Description="Allele count in genotypes, for each ALT allele, in the same order as listed">
##INFO=<ID=AF,Number=A,Type=Float,Description="Allele Frequency, for each ALT allele, in the same order as listed">
##INFO=<ID=AN,Number=1,Type=Integer,Description="Total number of alleles in called genotypes">
##INFO=<ID=BaseQRankSum,Number=1,Type=Float,Description="Z-score from Wilcoxon rank sum test of Alt Vs. Ref base qualities">
##INFO=<ID=DB,Number=0,Type=Flag,Description="dbSNP Membership">
##INFO=<ID=DP,Number=1,Type=Integer,Description="Approximate read depth; some reads may have been filtered">
##INFO=<ID=DS,Number=0,Type=Flag,Description="Were any of the samples downsampled?">
##INFO=<ID=END,Number=1,Type=Integer,Description="Stop position of the interval">
##INFO=<ID=ExcessHet,Number=1,Type=Float,Description="Phred-scaled p-value for exact test of excess heterozygosity">
##INFO=<ID=FS,Number=1,Type=Float,Description="Phred-scaled p-value using Fisher's exact test to detect strand bias">
##INFO=<ID=InbreedingCoeff,Number=1,Type=Float,Description="Inbreeding coefficient as estimated from the genotype likelihoods per-sample when compared against the Hardy-Weinberg expectation">
##INFO=<ID=MLEAC,Number=A,Type=Integer,Description="Maximum likelihood expectation (MLE) for the allele counts (not necessarily the same as the AC), for each ALT allele, in the same order as listed">
##INFO=<ID=MLEAF,Number=A,Type=Float,Description="Maximum likelihood expectation (MLE) for the allele frequency (not necessarily the same as the AF), for each ALT allele, in the same order as listed">
##INFO=<ID=MQ,Number=1,Type=Float,Description="RMS Mapping Quality">
##INFO=<ID=MQRankSum,Number=1,Type=Float,Description="Z-score From Wilcoxon rank sum test of Alt vs. Ref read mapping qualities">
##INFO=<ID=QD,Number=1,Type=Float,Description="Variant Confidence/Quality by Depth">
##INFO=<ID=RAW_MQandDP,Number=2,Type=Integer,Description="Raw data (sum of squared MQ and total depth) for improved RMS Mapping Quality calculation. Incompatible with deprecated RAW_MQ formulation.">
##INFO=<ID=ReadPosRankSum,Number=1,Type=Float,Description="Z-score from Wilcoxon rank sum test of Alt vs. Ref read position bias">
##INFO=<ID=SOR,Number=1,Type=Float,Description="Symmetric Odds Ratio of 2x2 contingency table to detect strand bias">
##source=CombineGVCFs
##source=GenotypeGVCFs
##source=HaplotypeCaller
##MUTANNO=<ID=MUTANNO,Version="0.3.15",Date="2020.03.26">
##MUTANNO=<ID=VEP,Version="v99",Date="11/04/2019">
##MUTANNO=<ID=gnomADgenome,Version="3.0",Date="03/06/2019">
##MUTANNO=<ID=CLINVAR,Version="20200106",Date="01/06/2020">
##MUTANNO=<ID=SpliceAI,Version="20191004",Date="10/04/2019">
##INFO=<ID=SAMPLEGENO,Number=.,Type=String,Description="Sample genotype information. Format:'NUMGT|GT|AD'">
##INFO=<ID=multiallele,Number=.,Type=String,Description="sample-variant key for multi-allelic variants. Format:'SAMPLEVARIANTKEY'">
##INFO=<ID=VEP,Number=.,Type=String,Description="Predicted nonsense mediated decay effects for this variant by VEP. Format:'Gene|Feature|Feature_type|Consequence|SYMBOL'">
##INFO=<ID=gnomADgenome,Number=.,Type=String,Description="population AF by gnomAD. Format:'gnomAD_AF'">
##INFO=<ID=CLINVAR,Number=.,Type=String,Description="CLINVAR variants. Format:'CLINVAR_ALLELEID|CLINVAR_CLNSIG'">
##INFO=<ID=SpliceAI,Number=.,Type=String,Description="SpliceAI scores. Format:'SpliceAI_MaxScore'">
#CHROM	POS	ID	REF	ALT	QUAL	FILTER	INFO	FORMAT	NA12877_sample	NA12878_sample	NA12879_sample	GAPFI487H4XM_mpileup	GAPFI9BBS1MK_mpileup	GAPFICYGWMXH_mpileup	GAPFICZRWSAW_mpileup	GAPFIEB5L7CD_mpileup	GAPFIEHNFAJP_mpileup	GAPFIEIZCUAC_mpileup	GAPFIG3SAPB8_mpileup	GAPFIGRDV4N9_mpileup	GAPFIN4R3S4P_mpileup	GAPFIORLIJEI_mpileup	GAPFIRML1OMP_mpileup	GAPFITK78CW8_mpileup	GAPFITT9CAXP_mpileup	GAPFIU24H8WP_mpileup	GAPFIV729Z8F_mpileup	GAPFIVBLLZTK_mpileup	GAPFIXRIG4PE_mpileup	GAPFIYDBF875_mpileup	GAPFIZWAW2KS_mpileup
chr1	45803673	.	C	T	756.25	.	AC=1;AF=0.167;AN=6;BaseQRankSum=-1.319e+00;DP=140;ExcessHet=3.01;FS=7.954;MLEAC=1;MLEAF=0.167;MQ=60.00;MQRankSum=0.00;QD=14.83;ReadPosRankSum=0.822;SOR=0.585;SAMPLEGENO=0/0|C/C|38/0,0/0|C/C|51/0,0/1|C/T|24/27;gnomADgenome=NA;SpliceAI=0.9;novoCaller=0.999999987059442|4.0381276196537975e-13;VEP=ENSG00000086015|ENST00000361297|Transcript|5_prime_UTR_variant|MAST2,ENSG00000086015|ENST00000470809|Transcript|intron_variant|MAST2	GT:AD:DP:GQ:PGT:PID:PL:PS:RSTR	0/0:38,0:38:99:.:.:0,111,1665:24,0,17,0	0/0:51,0:51:99:.:.:0,104,1604:25,0,28,0	0|1:24,27:51:99:0|1:45803673_C_T:765,0,681:45803673:10,16,16,12	./.::::::::20,0,16,0	./.::::::::16,0,28,0	./.::::::::20,0,30,0	./.::::::::21,0,23,0	./.::::::::18,0,21,0	./.::::::::17,0,28,1	./.::::::::24,0,16,0	./.::::::::15,0,11,0	./.::::::::19,0,15,0	./.::::::::27,0,18,0	./.::::::::16,0,31,0	./.::::::::27,0,30,0	./.::::::::29,0,23,0	./.::::::::23,0,35,0	./.::::::::21,0,19,0	./.::::::::17,0,26,0	./.::::::::27,0,37,0	./.::::::::41,0,37,1	./.::::::::32,0,41,0	./.::::::::28,0,34,0
chr1	64869437	.	C	T	1021.25	.	AC=1;AF=0.167;AN=6;BaseQRankSum=1.20;DP=134;ExcessHet=3.01;FS=0.000;MLEAC=1;MLEAF=0.167;MQ=60.00;MQRankSum=0.00;QD=19.27;ReadPosRankSum=0.320;SOR=0.656;SAMPLEGENO=0/0|C/C|39/0,0/0|C/C|42/0,0/1|C/T|18/35;gnomADgenome=NA;SpliceAI=0.01;novoCaller=0.999999947655091|4.085065227336401e-13;VEP=ENSG00000162434|ENST00000342505|Transcript|missense_variant|JAK1,ENSG00000162434|ENST00000671746|Transcript|3_prime_UTR_variant|JAK1,ENSG00000162434|ENST00000671929|Transcript|missense_variant|JAK1,ENSG00000162434|ENST00000671954|Transcript|missense_variant|JAK1,ENSG00000162434|ENST00000672179|Transcript|missense_variant|JAK1,ENSG00000162434|ENST00000672247|Transcript|missense_variant|JAK1,ENSG00000162434|ENST00000672434|Transcript|missense_variant|JAK1,ENSG00000162434|ENST00000672751|Transcript|missense_variant|JAK1,ENSG00000162434|ENST00000673046|Transcript|missense_variant|JAK1,ENSG00000162434|ENST00000673220|Transcript|3_prime_UTR_variant|JAK1,ENSG00000162434|ENST00000673246|Transcript|missense_variant|JAK1,ENSG00000162434|ENST00000673254|Transcript|missense_variant|JAK1,ENSG00000162434|ENST00000673502|Transcript|missense_variant|JAK1	GT:AD:DP:GQ:PL:RSTR	0/0:39,0:39:99:0,102,1530:20,0,19,0	0/0:42,0:42:99:0,102,1530:23,0,21,0	0/1:18,35:53:99:1030,0,445:8,16,10,19	./.:::::22,0,17,0	./.:::::14,0,15,0	./.:::::20,0,17,0	./.:::::16,0,28,0	./.:::::22,0,23,0	./.:::::35,0,22,0	./.:::::12,0,28,0	./.:::::26,0,19,0	./.:::::18,0,23,0	./.:::::28,0,15,0	./.:::::16,1,17,0	./.:::::27,0,19,0	./.:::::24,0,23,0	./.:::::24,0,29,0	./.:::::28,0,28,0	./.:::::17,0,28,0	./.:::::23,0,27,0	./.:::::42,0,39,0	./.:::::20,0,22,0	./.:::::13,0,22,0
chr1	169888699	.	C	T	978.25	.	AC=1;AF=0.167;AN=6;BaseQRankSum=0.00;DP=150;ExcessHet=3.01;FS=8.829;MLEAC=1;MLEAF=0.167;MQ=60.00;MQRankSum=0.00;QD=15.29;ReadPosRankSum=-8.880e-01;SOR=1.318;SAMPLEGENO=0/0|C/C|48/0,0/0|C/C|38/0,0/1|C/T|30/34;gnomADgenome=NA;SpliceAI=0.25;novoCaller=0.9999999999998932|1.977825156470772e-15;VEP=ENSG00000000457|ENST00000367770|Transcript|missense_variant|SCYL3,ENSG00000000457|ENST00000367771|Transcript|missense_variant|SCYL3,ENSG00000000457|ENST00000367772|Transcript|missense_variant|SCYL3,ENSG00000000457|ENST00000423670|Transcript|missense_variant|SCYL3	GT:AD:DP:GQ:PL:RSTR	0/0:48,0:48:99:0,120,1800:31,1,48,0	0/0:38,0:38:99:0,100,1272:37,0,21,0	0/1:30,34:64:99:987,0,849:13,23,17,12	./.:::::30,1,16,0	./.:::::26,0,8,0	./.:::::28,0,20,0	./.:::::25,0,33,0	./.:::::30,0,18,0	./.:::::29,0,25,0	./.:::::26,0,13,0	./.:::::23,0,14,0	./.:::::29,0,28,0	./.:::::34,0,19,0	./.:::::15,0,25,0	./.:::::29,0,15,0	./.:::::39,0,34,0	./.:::::25,0,20,0	./.:::::39,0,22,0	./.:::::34,1,24,0	./.:::::28,0,24,0	./.:::::54,0,39,0	./.:::::30,0,22,0	./.:::::36,0,18,0
chr2	20671172	.	T	C	810.25	.	AC=1;AF=0.167;AN=6;BaseQRankSum=-8.200e-01;DP=128;ExcessHet=3.01;FS=3.809;MLEAC=1;MLEAF=0.167;MQ=60.00;MQRankSum=0.00;QD=15.29;ReadPosRankSum=0.805;SOR=1.255;SAMPLEGENO=0/0|T/T|40/0,0/0|T/T|35/0,0/1|T/C|24/29;gnomADgenome=NA;SpliceAI=0.00;novoCaller=0.9999999432428245|4.762064127911533e-13;VEP=ENSG00000143869|ENST00000272224|Transcript|missense_variant|GDF7	GT:AD:DP:GQ:PL:RSTR	0/0:40,0:40:99:0,102,1530:17,0,23,0	0/0:35,0:35:99:0,99,1207:15,0,25,0	0/1:24,29:53:99:819,0,665:12,11,12,19	./.:::::19,0,14,1	./.:::::24,0,25,0	./.:::::15,0,21,0	./.:::::17,1,23,1	./.:::::20,0,22,0	./.:::::39,0,48,0	./.:::::20,0,27,0	./.:::::18,0,15,0	./.:::::21,0,36,0	./.:::::37,0,33,0	./.:::::30,0,47,0	./.:::::41,0,39,0	./.:::::28,0,48,0	./.:::::43,0,42,0	./.:::::37,0,20,0	./.:::::21,0,28,0	./.:::::21,0,20,0	./.:::::47,1,41,0	./.:::::22,0,35,0	./.:::::18,0,38,1
chr2	156610765	.	T	C	880.25	.	AC=1;AF=0.167;AN=6;BaseQRankSum=-1.076e+00;DP=150;ExcessHet=3.01;FS=4.580;MLEAC=1;MLEAF=0.167;MQ=60.00;MQRankSum=0.00;QD=12.40;ReadPosRankSum=-1.012e+00;SOR=0.343;SAMPLEGENO=0/0|T/T|42/0,0/0|T/T|37/0,0/1|T/C|39/32;gnomADgenome=NA;novoCaller=0.9999999999999669|3.527755716646151e-17;VEP=ENSG00000115159|ENST00000409861|Transcript|3_prime_UTR_variant|GPD2	GT:AD:DP:GQ:PL:RSTR	0/0:42,0:42:99:0,101,1505:28,0,34,0	0/0:37,0:37:99:0,102,1440:35,0,25,0	0/1:39,32:71:99:889,0,1140:15,16,24,16	./.:::::35,0,26,0	./.:::::20,0,24,0	./.:::::20,0,20,0	./.:::::32,0,29,0	./.:::::19,0,24,0	./.:::::27,0,36,0	./.:::::26,0,29,0	./.:::::20,0,31,0	./.:::::22,0,21,0	./.:::::27,0,25,0	./.:::::33,0,25,0	./.:::::34,1,30,0	./.:::::31,1,29,0	./.:::::19,0,25,0	./.:::::34,0,23,0	./.:::::29,0,31,0	./.:::::27,0,30,0	./.:::::45,0,46,0	./.:::::37,0,31,0	./.:::::38,0,31,0
chr3	127660585	.	A	G	908.25	.	AC=1;AF=0.167;AN=6;BaseQRankSum=-1.475e+00;DP=123;ExcessHet=3.01;FS=0.000;MLEAC=1;MLEAF=0.167;MQ=60.00;MQRankSum=0.00;QD=16.51;ReadPosRankSum=-9.400e-02;SOR=0.616;SAMPLEGENO=0/0|A/A|29/0,0/0|A/A|39/0,0/1|A/G|23/32;gnomADgenome=NA;SpliceAI=0.08;novoCaller=0.9999489488325323|1.4288668326425429e-15;VEP=ENSG00000114631|ENST00000342480|Transcript|missense_variant|PODXL2	GT:AD:DP:GQ:PL:RSTR	0/0:29,0:29:81:0,81,1215:14,0,15,0	0/0:39,0:39:99:0,99,1332:29,1,21,0	0/1:23,32:55:99:917,0,632:12,16,12,16	./.:::::20,0,22,0	./.:::::20,0,18,0	./.:::::25,0,19,1	./.:::::21,0,29,0	./.:::::16,0,24,0	./.:::::43,0,32,0	./.:::::21,0,23,0	./.:::::21,0,20,1	./.:::::27,0,34,0	./.:::::30,0,27,0	./.:::::33,0,27,0	./.:::::25,0,18,0	./.:::::38,0,19,0	./.:::::29,0,26,0	./.:::::18,0,22,0	./.:::::27,0,27,0	./.:::::26,0,27,0	./.:::::44,0,46,0	./.:::::34,0,23,0	./.:::::29,0,31,0
chr5	197095	.	G	A	828.25	.	AC=1;AF=0.167;AN=6;BaseQRankSum=1.74;DP=108;ExcessHet=3.01;FS=3.154;MLEAC=1;MLEAF=0.167;MQ=44.65;MQRankSum=1.21;QD=23.01;ReadPosRankSum=0.016;SOR=0.257;SAMPLEGENO=0/0|G/G|34/0,0/0|G/G|38/0,0/1|G/A|15/21;gnomADgenome=6.49886e-04;SpliceAI=0.00;novoCaller=0.9999999999358127|2.4119758821415957e-16;VEP=ENSG00000164366|ENST00000296824|Transcript|3_prime_UTR_variant|CCDC127	GT:AD:DP:GQ:PGT:PID:PL:PS:RSTR	0/0:34,0:34:99:.:.:0,99,1332:29,0,22,0	0/0:38,0:38:99:.:.:0,99,1315:28,0,21,0	0|1:15,21:36:99:0|1:197092_C_T:837,0,567:197092:12,13,5,10	./.::::::::25,0,15,0	./.::::::::27,0,20,0	./.::::::::20,0,17,0	./.::::::::23,0,24,0	./.::::::::30,0,21,0	./.::::::::54,0,42,0	./.::::::::32,0,21,0	./.::::::::20,0,22,0	./.::::::::34,0,27,0	./.::::::::44,0,26,0	./.::::::::44,0,30,0	./.::::::::46,0,24,0	./.::::::::34,0,20,0	./.::::::::38,0,28,0	./.::::::::45,1,31,0	./.::::::::31,0,27,1	./.::::::::22,0,20,0	./.::::::::58,0,51,0	./.::::::::23,0,23,0	./.::::::::30,0,18,0
chr21	32567421	.	A	C	476.25	.	AC=1;AF=0.167;AN=6;BaseQRankSum=-2.400e+00;DP=114;ExcessHet=3.01;FS=2.524;MLEAC=1;MLEAF=0.167;MQ=60.00;MQRankSum=0.00;QD=10.58;ReadPosRankSum=-7.930e-01;SOR=1.093;SAMPLEGENO=0/0|A/A|34/0,0/0|A/A|35/0,0/1|A/C|26/19;gnomADgenome=NA;novoCaller=0.9999962391481683|3.9688124983955755e-12;VEP=ENSG00000265590|ENST00000673694|Transcript|3_prime_UTR_variant|C21orf59-TCP10L,ENSG00000265590|ENST00000673900|Transcript|3_prime_UTR_variant|C21orf59-TCP10L,ENSG00000265590|ENST00000673985|Transcript|3_prime_UTR_variant|C21orf59-TCP10L	GT:AD:DP:GQ:PL:RSTR	0/0:34,0:34:96:0,96,1440:15,0,18,0	0/0:35,0:35:99:0,99,1232:17,0,22,0	0/1:26,19:45:99:485,0,768:14,12,12,7	./.:::::15,1,14,0	./.:::::21,0,22,0	./.:::::19,0,13,0	./.:::::21,1,16,0	./.:::::13,0,20,0	./.:::::21,0,32,0	./.:::::21,0,15,1	./.:::::16,0,17,0	./.:::::21,0,25,0	./.:::::20,0,18,0	./.:::::20,0,26,0	./.:::::33,0,50,0	./.:::::20,0,31,0	./.:::::19,0,30,0	./.:::::15,0,10,0	./.:::::16,0,18,0	./.:::::16,0,18,0	./.:::::33,0,44,1	./.:::::26,0,24,0	./.:::::25,1,20,0
chr21	41276328	.	A	G	834.25	.	AC=1;AF=0.167;AN=6;BaseQRankSum=1.09;DP=133;ExcessHet=3.01;FS=1.028;MLEAC=1;MLEAF=0.167;MQ=60.00;MQRankSum=0.00;QD=15.17;ReadPosRankSum=-1.332e+00;SOR=0.892;SAMPLEGENO=0/0|A/A|40/0,0/0|A/A|38/0,0/1|A/G|26/29;gnomADgenome=6.98022e-06;SpliceAI=0.00;novoCaller=0.9999999840928631|8.095231875837702e-15;VEP=ENSG00000182240|ENST00000328735|Transcript|3_prime_UTR_variant|BACE2,ENSG00000182240|ENST00000330333|Transcript|3_prime_UTR_variant|BACE2,ENSG00000182240|ENST00000347667|Transcript|3_prime_UTR_variant|BACE2	GT:AD:DP:GQ:PL:RSTR	0/0:40,0:40:99:0,99,1311:29,0,20,0	0/0:38,0:38:99:0,102,1530:23,0,18,0	0/1:26,29:55:99:843,0,727:14,17,12,12	./.:::::22,0,29,0	./.:::::20,0,23,0	./.:::::20,0,20,0	./.:::::25,1,25,0	./.:::::26,0,25,0	./.:::::29,0,25,1	./.:::::29,0,28,1	./.:::::13,0,19,0	./.:::::23,0,23,0	./.:::::17,0,30,0	./.:::::26,0,17,1	./.:::::33,0,33,1	./.:::::18,0,36,0	./.:::::30,0,22,0	./.:::::32,0,27,1	./.:::::31,0,24,1	./.:::::19,0,28,0	./.:::::44,0,48,0	./.:::::32,0,26,0	./.:::::24,0,34,1
