##fileformat=VCFv4.2
##ALT=<ID=NON_REF,Description="Represents any possible alternative allele at this location">
##FILTER=<ID=LowQual,Description="Low quality">
##FORMAT=<ID=AD,Number=R,Type=Integer,Description="Allelic depths for the ref and alt alleles in the order listed">
##FORMAT=<ID=DP,Number=1,Type=Integer,Description="Approximate read depth (reads with MQ=255 or with bad mates are filtered)">
##FORMAT=<ID=GQ,Number=1,Type=Integer,Description="Genotype Quality">
##FORMAT=<ID=GT,Number=1,Type=String,Description="Genotype">
##FORMAT=<ID=MIN_DP,Number=1,Type=Integer,Description="Minimum DP observed within the GVCF block">
##FORMAT=<ID=PGT,Number=1,Type=String,Description="Physical phasing haplotype information, describing how the alternate alleles are phased in relation to one another">
##FORMAT=<ID=PID,Number=1,Type=String,Description="Physical phasing ID information, where each unique ID within a given sample (but not across samples) connects records within a phasing group">
##FORMAT=<ID=PL,Number=G,Type=Integer,Description="Normalized, Phred-scaled likelihoods for genotypes as defined in the VCF specification">
##FORMAT=<ID=PS,Number=1,Type=Integer,Description="Phasing set (typically the position of the first variant in the set)">
##FORMAT=<ID=RGQ,Number=1,Type=Integer,Description="Unconditional reference genotype confidence, encoded as a phred quality -10*log10 p(genotype call is wrong)">
##FORMAT=<ID=SB,Number=4,Type=Integer,Description="Per-sample component statistics which comprise the Fisher's Exact Test to detect strand bias.">
##GATKCommandLine=<ID=CombineGVCFs,CommandLine="CombineGVCFs  --output GVCFS/out.chr1.g.vcf --variant /var/lib/cwl/stg757672da-7d21-4f64-8dd6-a0bc86e778d5/GAPFIDCQG5OX.gvcf.gz --variant /var/lib/cwl/stg917c7ae1-7bd0-45a5-b61e-5707dd3e1921/GAPFIMK9Z47X.gvcf.gz --variant /var/lib/cwl/stg7bfdeeea-233f-4d2f-94ff-2ea889c037eb/GAPFIJ2IGMQI.gvcf.gz --intervals chr1 --reference /var/lib/cwl/stg09f02714-693a-4e56-b423-fe0836975e88/GAPFIXRDPDK5.fa  --convert-to-base-pair-resolution false --break-bands-at-multiples-of 0 --input-is-somatic false --drop-somatic-filtering-annotations false --ignore-variants-starting-outside-interval false --interval-set-rule UNION --interval-padding 0 --interval-exclusion-padding 0 --interval-merging-rule ALL --read-validation-stringency SILENT --seconds-between-progress-updates 10.0 --disable-sequence-dictionary-validation false --create-output-bam-index true --create-output-bam-md5 false --create-output-variant-index true --create-output-variant-md5 false --lenient false --add-output-sam-program-record true --add-output-vcf-command-line true --cloud-prefetch-buffer 40 --cloud-index-prefetch-buffer -1 --disable-bam-index-caching false --sites-only-vcf-output false --help false --version false --showHidden false --verbosity INFO --QUIET false --use-jdk-deflater false --use-jdk-inflater false --gcs-max-retries 20 --gcs-project-for-requester-pays  --disable-tool-default-read-filters false --disable-tool-default-annotations false --enable-all-annotations false",Version="4.1.2.0",Date="December 17, 2019 9:35:41 PM UTC">
##GATKCommandLine=<ID=GenotypeGVCFs,CommandLine="GenotypeGVCFs  --output VCFS/out.chr1.vcf --dbsnp /var/lib/cwl/stg9556add8-f8d0-470f-99bc-b5f629b52ddf/GAPFI4LJRN98.vcf.gz --variant /var/lib/cwl/stg33cec257-5a34-4922-8201-27c1754d1a26/GAPFIJK5P7K2.gvcf.gz --intervals chr1 --reference /var/lib/cwl/stg0d4b7f2a-d364-4a77-a72c-d38ee372e067/GAPFIXRDPDK5.fa --verbosity INFO --annotations-to-exclude ExcessHet  --include-non-variant-sites false --merge-input-intervals false --input-is-somatic false --tumor-lod-to-emit 3.5 --allele-fraction-error 0.001 --keep-combined-raw-annotations false --use-new-qual-calculator true --use-old-qual-calculator false --annotate-with-num-discovered-alleles false --heterozygosity 0.001 --indel-heterozygosity 1.25E-4 --heterozygosity-stdev 0.01 --standard-min-confidence-threshold-for-calling 30.0 --max-alternate-alleles 6 --max-genotype-count 1024 --sample-ploidy 2 --num-reference-samples-if-no-call 0 --only-output-calls-starting-in-intervals false --interval-set-rule UNION --interval-padding 0 --interval-exclusion-padding 0 --interval-merging-rule ALL --read-validation-stringency SILENT --seconds-between-progress-updates 10.0 --disable-sequence-dictionary-validation false --create-output-bam-index true --create-output-bam-md5 false --create-output-variant-index true --create-output-variant-md5 false --lenient false --add-output-sam-program-record true --add-output-vcf-command-line true --cloud-prefetch-buffer 40 --cloud-index-prefetch-buffer -1 --disable-bam-index-caching false --sites-only-vcf-output false --help false --version false --showHidden false --QUIET false --use-jdk-deflater false --use-jdk-inflater false --gcs-max-retries 20 --gcs-project-for-requester-pays  --disable-tool-default-read-filters false --disable-tool-default-annotations false --enable-all-annotations false",Version="4.1.2.0",Date="February 13, 2020 9:44:12 PM UTC">
##GATKCommandLine=<ID=HaplotypeCaller,CommandLine="HaplotypeCaller  --standard-min-confidence-threshold-for-calling 0.0 --max-alternate-alleles 3 --emit-ref-confidence GVCF --output GVCFS/out.chr1:1-10000000.g.vcf --intervals chr1:1-10000000 --input chr1:1-10000000.sharded.bam --reference /var/lib/cwl/stgc904a7d9-f196-4c3c-9206-1ed2f2f75f97/GAPFIXRDPDK5.fa --read-filter OverclippedReadFilter  --use-new-qual-calculator true --use-old-qual-calculator false --annotate-with-num-discovered-alleles false --heterozygosity 0.001 --indel-heterozygosity 1.25E-4 --heterozygosity-stdev 0.01 --max-genotype-count 1024 --sample-ploidy 2 --num-reference-samples-if-no-call 0 --genotyping-mode DISCOVERY --genotype-filtered-alleles false --contamination-fraction-to-filter 0.0 --output-mode EMIT_VARIANTS_ONLY --all-site-pls false --gvcf-gq-bands 1 --gvcf-gq-bands 2 --gvcf-gq-bands 3 --gvcf-gq-bands 4 --gvcf-gq-bands 5 --gvcf-gq-bands 6 --gvcf-gq-bands 7 --gvcf-gq-bands 8 --gvcf-gq-bands 9 --gvcf-gq-bands 10 --gvcf-gq-bands 11 --gvcf-gq-bands 12 --gvcf-gq-bands 13 --gvcf-gq-bands 14 --gvcf-gq-bands 15 --gvcf-gq-bands 16 --gvcf-gq-bands 17 --gvcf-gq-bands 18 --gvcf-gq-bands 19 --gvcf-gq-bands 20 --gvcf-gq-bands 21 --gvcf-gq-bands 22 --gvcf-gq-bands 23 --gvcf-gq-bands 24 --gvcf-gq-bands 25 --gvcf-gq-bands 26 --gvcf-gq-bands 27 --gvcf-gq-bands 28 --gvcf-gq-bands 29 --gvcf-gq-bands 30 --gvcf-gq-bands 31 --gvcf-gq-bands 32 --gvcf-gq-bands 33 --gvcf-gq-bands 34 --gvcf-gq-bands 35 --gvcf-gq-bands 36 --gvcf-gq-bands 37 --gvcf-gq-bands 38 --gvcf-gq-bands 39 --gvcf-gq-bands 40 --gvcf-gq-bands 41 --gvcf-gq-bands 42 --gvcf-gq-bands 43 --gvcf-gq-bands 44 --gvcf-gq-bands 45 --gvcf-gq-bands 46 --gvcf-gq-bands 47 --gvcf-gq-bands 48 --gvcf-gq-bands 49 --gvcf-gq-bands 50 --gvcf-gq-bands 51 --gvcf-gq-bands 52 --gvcf-gq-bands 53 --gvcf-gq-bands 54 --gvcf-gq-bands 55 --gvcf-gq-bands 56 --gvcf-gq-bands 57 --gvcf-gq-bands 58 --gvcf-gq-bands 59 --gvcf-gq-bands 60 --gvcf-gq-bands 70 --gvcf-gq-bands 80 --gvcf-gq-bands 90 --gvcf-gq-bands 99 --indel-size-to-eliminate-in-ref-model 10 --use-alleles-trigger false --disable-optimizations false --just-determine-active-regions false --dont-genotype false --do-not-run-physical-phasing false --use-filtered-reads-for-annotations false --correct-overlapping-quality false --adaptive-pruning false --do-not-recover-dangling-branches false --recover-dangling-heads false --consensus false --dont-trim-active-regions false --max-disc-ar-extension 25 --max-gga-ar-extension 300 --padding-around-indels 150 --padding-around-snps 20 --kmer-size 10 --kmer-size 25 --dont-increase-kmer-sizes-for-cycles false --allow-non-unique-kmers-in-ref false --num-pruning-samples 1 --min-dangling-branch-length 4 --recover-all-dangling-branches false --max-num-haplotypes-in-population 128 --min-pruning 2 --adaptive-pruning-initial-error-rate 0.001 --pruning-lod-threshold 2.302585092994046 --max-unpruned-variants 100 --debug-assembly false --debug-graph-transformations false --capture-assembly-failure-bam false --error-correct-reads false --kmer-length-for-read-error-correction 25 --min-observations-for-kmer-to-be-solid 20 --likelihood-calculation-engine PairHMM --base-quality-score-threshold 18 --pair-hmm-gap-continuation-penalty 10 --pair-hmm-implementation FASTEST_AVAILABLE --pcr-indel-model CONSERVATIVE --phred-scaled-global-read-mismapping-rate 45 --native-pair-hmm-threads 4 --native-pair-hmm-use-double-precision false --bam-writer-type CALLED_HAPLOTYPES --dont-use-soft-clipped-bases false --min-base-quality-score 10 --smith-waterman JAVA --max-mnp-distance 0 --min-assembly-region-size 50 --max-assembly-region-size 300 --assembly-region-padding 100 --max-reads-per-alignment-start 50 --active-probability-threshold 0.002 --max-prob-propagation-distance 50 --force-active false --interval-set-rule UNION --interval-padding 0 --interval-exclusion-padding 0 --interval-merging-rule ALL --read-validation-stringency SILENT --seconds-between-progress-updates 10.0 --disable-sequence-dictionary-validation false --create-output-bam-index true --create-output-bam-md5 false --create-output-variant-index true --create-output-variant-md5 false --lenient false --add-output-sam-program-record true --add-output-vcf-command-line true --cloud-prefetch-buffer 40 --cloud-index-prefetch-buffer -1 --disable-bam-index-caching false --sites-only-vcf-output false --help false --version false --showHidden false --verbosity INFO --QUIET false --use-jdk-deflater false --use-jdk-inflater false --gcs-max-retries 20 --gcs-project-for-requester-pays  --disable-tool-default-read-filters false --minimum-mapping-quality 20 --filter-too-short 30 --dont-require-soft-clips-both-ends false --disable-tool-default-annotations false --enable-all-annotations false",Version="4.1.2.0",Date="November 26, 2019 5:06:30 PM UTC">
##INFO=<ID=comHet,Number=3,Type=String,Description="Putative compound heterozygous pairs. Format:'ENSG_ID|ENST_ID|VARIANT'">
##INFO=<ID=AC,Number=A,Type=Integer,Description="Allele count in genotypes, for each ALT allele, in the same order as listed">
##INFO=<ID=AF,Number=A,Type=Float,Description="Allele Frequency, for each ALT allele, in the same order as listed">
##INFO=<ID=AN,Number=1,Type=Integer,Description="Total number of alleles in called genotypes">
##INFO=<ID=BaseQRankSum,Number=1,Type=Float,Description="Z-score from Wilcoxon rank sum test of Alt Vs. Ref base qualities">
##INFO=<ID=DB,Number=0,Type=Flag,Description="dbSNP Membership">
##INFO=<ID=DP,Number=1,Type=Integer,Description="Approximate read depth; some reads may have been filtered">
##INFO=<ID=DS,Number=0,Type=Flag,Description="Were any of the samples downsampled?">
##INFO=<ID=END,Number=1,Type=Integer,Description="Stop position of the interval">
##INFO=<ID=ExcessHet,Number=1,Type=Float,Description="Phred-scaled p-value for exact test of excess heterozygosity">
##INFO=<ID=FS,Number=1,Type=Float,Description="Phred-scaled p-value using Fisher's exact test to detect strand bias">
##INFO=<ID=InbreedingCoeff,Number=1,Type=Float,Description="Inbreeding coefficient as estimated from the genotype likelihoods per-sample when compared against the Hardy-Weinberg expectation">
##INFO=<ID=MLEAC,Number=A,Type=Integer,Description="Maximum likelihood expectation (MLE) for the allele counts (not necessarily the same as the AC), for each ALT allele, in the same order as listed">
##INFO=<ID=MLEAF,Number=A,Type=Float,Description="Maximum likelihood expectation (MLE) for the allele frequency (not necessarily the same as the AF), for each ALT allele, in the same order as listed">
##INFO=<ID=MQ,Number=1,Type=Float,Description="RMS Mapping Quality">
##INFO=<ID=MQRankSum,Number=1,Type=Float,Description="Z-score From Wilcoxon rank sum test of Alt vs. Ref read mapping qualities">
##INFO=<ID=QD,Number=1,Type=Float,Description="Variant Confidence/Quality by Depth">
##INFO=<ID=RAW_MQandDP,Number=2,Type=Integer,Description="Raw data (sum of squared MQ and total depth) for improved RMS Mapping Quality calculation. Incompatible with deprecated RAW_MQ formulation.">
##INFO=<ID=ReadPosRankSum,Number=1,Type=Float,Description="Z-score from Wilcoxon rank sum test of Alt vs. Ref read position bias">
##INFO=<ID=SOR,Number=1,Type=Float,Description="Symmetric Odds Ratio of 2x2 contingency table to detect strand bias">
##source=CombineGVCFs
##source=GenotypeGVCFs
##source=HaplotypeCaller
##MUTANNO=<ID=MUTANNO,Version="0.3.15",Date="2020.03.26">
##MUTANNO=<ID=VEP,Version="v99",Date="11/04/2019">
##MUTANNO=<ID=gnomADgenome,Version="3.0",Date="03/06/2019">
##MUTANNO=<ID=CLINVAR,Version="20200106",Date="01/06/2020">
##MUTANNO=<ID=SpliceAI,Version="20191004",Date="10/04/2019">
##INFO=<ID=SAMPLEGENO,Number=.,Type=String,Description="Sample genotype information. Format:'NUMGT|GT|AD'">
##INFO=<ID=multiallele,Number=.,Type=String,Description="sample-variant key for multi-allelic variants. Format:'SAMPLEVARIANTKEY'">
##INFO=<ID=VEP,Number=.,Type=String,Description="Predicted nonsense mediated decay effects for this variant by VEP. Format:'Gene|Feature|Feature_type|Consequence|SYMBOL'">
##INFO=<ID=gnomADgenome,Number=.,Type=String,Description="population AF by gnomAD. Format:'gnomAD_AF'">
##INFO=<ID=CLINVAR,Number=.,Type=String,Description="CLINVAR variants. Format:'CLINVAR_ALLELEID|CLINVAR_CLNSIG'">
##INFO=<ID=SpliceAI,Number=.,Type=String,Description="SpliceAI scores. Format:'SpliceAI_MaxScore'">
#CHROM	POS	ID	REF	ALT	QUAL	FILTER	INFO	FORMAT	NA12877_sample	NA12878_sample	NA12879_sample
chr1	158638145	rs857725	T	G	914.25	.	AC=1;AF=0.167;AN=6;BaseQRankSum=0.00;DB;DP=147;ExcessHet=3.01;FS=0.000;MLEAC=1;MLEAF=0.167;MQ=60.00;MQRankSum=0.00;QD=14.51;ReadPosRankSum=0.062;SOR=0.631;SAMPLEGENO=0/1|T/G|31/32,0/0|T/T|41/0,0/0|T/T|43/0;gnomADgenome=2.34439e-01;CLINVAR=249439|Conflicting_interpretations_of_pathogenicity;SpliceAI=0.00;VEP=ENSG00000163554|ENST00000643759|Transcript|missense_variant|SPTA1,ENSG00000993554|ENST00000953959|Transcript|splice_donor|PIPPO3;comHet=ENSG00000163554||chr1:158642966G>A,ENSG00000163554|ENST00000643759|chr1:158642970G>ATC,ENSG00000163554|ENST00000643759|chr1:158642972AAA>A,ENSG00000163554|ENST00000643759|chr1:158642972AAA>TTTG,ENSG00000163554|ENST00000643759|chr1:158642972AAA>TTTGC,ENSG00000163554|ENST00000643759|chr1:158642972AAA>TTTGCA,ENSG00000993554||chr1:158642966G>A,ENSG00000993554||chr1:158642972AAA>TTTG,ENSG00000993554||chr1:158642972AAA>TTTGC,ENSG00000993554||chr1:158642972AAA>TTTGCA;	GT:AD:DP:GQ:PL	0/1:31,32:63:99:923,0,885	0/0:41,0:41:99:0,105,1470	0/1:43,0:43:99:0,108,1620
chr1	158642966	rs34973695	G	A	1561.12	.	AC=2;AF=0.333;AN=6;BaseQRankSum=0.00;DB;DP=130;ExcessHet=3.01;FS=4.119;MLEAC=2;MLEAF=0.333;MQ=60.00;MQRankSum=0.00;QD=17.54;ReadPosRankSum=-5.980e-01;SOR=1.179;SAMPLEGENO=0/1|G/A|21/30,0/0|G/G|41/0,0/1|G/A|15/23;gnomADgenome=1.74914e-02;CLINVAR=249443|Conflicting_interpretations_of_pathogenicity;SpliceAI=0.00;VEP=ENSG00000993554|ENST00000943959|Transcript|intron_variant|PIPPO3,ENSG00000163554|ENST00000643782|Transcript|missense_variant|SPTA1;comHet=ENSG00000163554||chr1:158638145T>G,ENSG00000163554||chr1:158642970G>ATC,ENSG00000163554||chr1:158642972AAA>A,ENSG00000163554||chr1:158642972AAA>TTTG,ENSG00000163554||chr1:158642972AAA>TTTGC,ENSG00000163554||chr1:158642972AAA>TTTGCA,ENSG00000993554||chr1:158638145T>G,ENSG00000993554|ENST00000943959|chr1:158642972AAA>TTTG,ENSG00000993554|ENST00000943959|chr1:158642972AAA>TTTGC,ENSG00000993554|ENST00000943959|chr1:158642972AAA>TTTGCA;	GT:AD:DP:GQ:PL	0/1:21,30:51:99:889,0,577	0/0:41,0:41:99:0,104,1470	0/1:15,23:38:99:683,0,407
chr1	158642970	rs34973695	G	ATC	1561.12	.	AC=2;AF=0.333;AN=6;BaseQRankSum=0.00;DB;DP=130;ExcessHet=3.01;FS=4.119;MLEAC=2;MLEAF=0.333;MQ=60.00;MQRankSum=0.00;QD=17.54;ReadPosRankSum=-5.980e-01;SOR=1.179;SAMPLEGENO=0/1|G/A|21/30,0/0|G/G|41/0,0/1|G/A|15/23;gnomADgenome=1.74914e-02;CLINVAR=249443|Conflicting_interpretations_of_pathogenicity;SpliceAI=0.00;VEP=ENSG00000163554|ENST00000643759|Transcript|missense_variant|SPTA1,ENSG00000163554|ENST00000643774|Transcript|missense_variant|SPTA1;comHet=ENSG00000163554|ENST00000643759|chr1:158638145T>G,ENSG00000163554||chr1:158642966G>A,ENSG00000163554|ENST00000643759&ENST00000643774|chr1:158642972AAA>A,ENSG00000163554|ENST00000643759&ENST00000643774|chr1:158642972AAA>TTTG,ENSG00000163554|ENST00000643759&ENST00000643774|chr1:158642972AAA>TTTGC,ENSG00000163554|ENST00000643759&ENST00000643774|chr1:158642972AAA>TTTGCA;	GT:AD:DP:GQ:PL	0/0:21,30:51:99:889,0,577	0/1:41,0:41:99:0,104,1470	0/1:15,23:38:99:683,0,407
chr1	158642972	rs34973695	AAA	A	1561.12	.	AC=2;AF=0.333;AN=6;BaseQRankSum=0.00;DB;DP=130;ExcessHet=3.01;FS=4.119;MLEAC=2;MLEAF=0.333;MQ=60.00;MQRankSum=0.00;QD=17.54;ReadPosRankSum=-5.980e-01;SOR=1.179;SAMPLEGENO=0/1|G/A|21/30,0/0|G/G|41/0,0/1|G/A|15/23;gnomADgenome=1.74914e-02;CLINVAR=249443|Conflicting_interpretations_of_pathogenicity;SpliceAI=0.00;VEP=ENSG00000163554|ENST00000643759|Transcript|missense_variant|SPTA1,ENSG00000163554|ENST00000643774|Transcript|missense_variant|SPTA1;comHet=ENSG00000163554|ENST00000643759|chr1:158638145T>G,ENSG00000163554||chr1:158642966G>A,ENSG00000163554|ENST00000643759&ENST00000643774|chr1:158642970G>ATC,ENSG00000163554|ENST00000643759&ENST00000643774|chr1:158642972AAA>TTTG,ENSG00000163554|ENST00000643759&ENST00000643774|chr1:158642972AAA>TTTGC,ENSG00000163554|ENST00000643759&ENST00000643774|chr1:158642972AAA>TTTGCA;	GT:AD:DP:GQ:PL	0/1:21,30:51:99:889,0,577	0/0:41,0:41:99:0,104,1470	0/1:15,23:38:99:683,0,407
chr1	158642972	rs34973695	AAA	TTTG	1561.12	.	AC=2;AF=0.333;AN=6;BaseQRankSum=0.00;DB;DP=130;ExcessHet=3.01;FS=4.119;MLEAC=2;MLEAF=0.333;MQ=60.00;MQRankSum=0.00;QD=17.54;ReadPosRankSum=-5.980e-01;SOR=1.179;SAMPLEGENO=0/1|G/A|21/30,0/0|G/G|41/0,0/1|G/A|15/23;gnomADgenome=1.74914e-02;CLINVAR=249443|Conflicting_interpretations_of_pathogenicity;SpliceAI=0.00;VEP=ENSG00000163554|ENST00000643759|Transcript|missense_variant|SPTA1,ENSG00000993554|ENST00000943959|Transcript|missense_variant|PIPPO3,ENSG00000163554|ENST00000643774|Transcript|missense_variant|SPTA1;comHet=ENSG00000163554|ENST00000643759|chr1:158638145T>G,ENSG00000163554||chr1:158642966G>A,ENSG00000163554|ENST00000643759&ENST00000643774|chr1:158642970G>ATC,ENSG00000163554|ENST00000643759&ENST00000643774|chr1:158642972AAA>A,ENSG00000163554|ENST00000643759&ENST00000643774|chr1:158642972AAA>TTTGC,ENSG00000163554|ENST00000643759&ENST00000643774|chr1:158642972AAA>TTTGCA,ENSG00000993554||chr1:158638145T>G,ENSG00000993554|ENST00000943959|chr1:158642966G>A,ENSG00000993554|ENST00000943959|chr1:158642972AAA>TTTGC,ENSG00000993554|ENST00000943959|chr1:158642972AAA>TTTGCA;	GT:AD:DP:GQ:PL	0/0:21,30:51:99:889,0,577	0/1:41,0:41:99:0,104,1470	0/1:15,23:38:99:683,0,407
chr1	158642972	rs34973695	AAA	TTTGC	1561.12	.	AC=2;AF=0.333;AN=6;BaseQRankSum=0.00;DB;DP=130;ExcessHet=3.01;FS=4.119;MLEAC=2;MLEAF=0.333;MQ=60.00;MQRankSum=0.00;QD=17.54;ReadPosRankSum=-5.980e-01;SOR=1.179;SAMPLEGENO=0/1|G/A|21/30,0/0|G/G|41/0,0/1|G/A|15/23;gnomADgenome=1.74914e-02;CLINVAR=249443|Conflicting_interpretations_of_pathogenicity;SpliceAI=0.00;VEP=ENSG00000163554|ENST00000643759|Transcript|missense_variant|SPTA1,ENSG00000993554|ENST00000943959|Transcript|missense_variant|PIPPO3,ENSG00000163554|ENST00000643774|Transcript|missense_variant|SPTA1;comHet=ENSG00000163554|ENST00000643759|chr1:158638145T>G,ENSG00000163554||chr1:158642966G>A,ENSG00000163554|ENST00000643759&ENST00000643774|chr1:158642970G>ATC,ENSG00000163554|ENST00000643759&ENST00000643774|chr1:158642972AAA>A,ENSG00000163554|ENST00000643759&ENST00000643774|chr1:158642972AAA>TTTG,ENSG00000163554|ENST00000643759&ENST00000643774|chr1:158642972AAA>TTTGCA,ENSG00000993554||chr1:158638145T>G,ENSG00000993554|ENST00000943959|chr1:158642966G>A,ENSG00000993554|ENST00000943959|chr1:158642972AAA>TTTG,ENSG00000993554|ENST00000943959|chr1:158642972AAA>TTTGCA;	GT:AD:DP:GQ:PL	0/0:21,30:51:99:889,0,577	1/1:41,0:41:99:0,104,1470	0/1:15,23:38:99:683,0,407
chr1	158642972	rs34973695	AAA	TTTGCA	1561.12	.	AC=2;AF=0.333;AN=6;BaseQRankSum=0.00;DB;DP=130;ExcessHet=3.01;FS=4.119;MLEAC=2;MLEAF=0.333;MQ=60.00;MQRankSum=0.00;QD=17.54;ReadPosRankSum=-5.980e-01;SOR=1.179;SAMPLEGENO=0/1|G/A|21/30,0/0|G/G|41/0,0/1|G/A|15/23;gnomADgenome=1.74914e-02;CLINVAR=249443|Conflicting_interpretations_of_pathogenicity;SpliceAI=0.00;VEP=ENSG00000163554|ENST00000643759|Transcript|missense_variant|SPTA1,ENSG00000993554|ENST00000943959|Transcript|missense_variant|PIPPO3,ENSG00000163554|ENST00000643774|Transcript|missense_variant|SPTA1;comHet=ENSG00000163554|ENST00000643759|chr1:158638145T>G,ENSG00000163554||chr1:158642966G>A,ENSG00000163554|ENST00000643759&ENST00000643774|chr1:158642970G>ATC,ENSG00000163554|ENST00000643759&ENST00000643774|chr1:158642972AAA>A,ENSG00000163554|ENST00000643759&ENST00000643774|chr1:158642972AAA>TTTG,ENSG00000163554|ENST00000643759&ENST00000643774|chr1:158642972AAA>TTTGC,ENSG00000993554||chr1:158638145T>G,ENSG00000993554|ENST00000943959|chr1:158642966G>A,ENSG00000993554|ENST00000943959|chr1:158642972AAA>TTTG,ENSG00000993554|ENST00000943959|chr1:158642972AAA>TTTGC;	GT:AD:DP:GQ:PL	./.:21,30:51:99:889,0,577	0/1:41,0:41:99:0,104,1470	0/1:15,23:38:99:683,0,407
