##fileformat=VCFv4.1
##ALT=<ID=NON_REF,Description="Represents any possible alternative allele at this location">
##FILTER=<ID=LowQual,Description="Low quality">
##FILTER=<ID=VQSRTrancheINDEL99.00to99.90,Description="Truth sensitivity tranche level for INDEL model at VQS Lod: -2.2347 <= x < 0.3982">
##FILTER=<ID=VQSRTrancheINDEL99.90to100.00+,Description="Truth sensitivity tranche level for INDEL model at VQS Lod < -28455.6569">
##FILTER=<ID=VQSRTrancheINDEL99.90to100.00,Description="Truth sensitivity tranche level for INDEL model at VQS Lod: -28455.6569 <= x < -2.2347">
##FILTER=<ID=VQSRTrancheSNP99.00to99.90,Description="Truth sensitivity tranche level for SNP model at VQS Lod: -8.3328 <= x < 1.8628">
##FILTER=<ID=VQSRTrancheSNP99.90to100.00+,Description="Truth sensitivity tranche level for SNP model at VQS Lod < -69556.7311">
##FILTER=<ID=VQSRTrancheSNP99.90to100.00,Description="Truth sensitivity tranche level for SNP model at VQS Lod: -69556.7311 <= x < -8.3328">
##FORMAT=<ID=AD,Number=.,Type=Integer,Description="Allelic depths for the ref and alt alleles in the order listed">
##FORMAT=<ID=DP,Number=1,Type=Integer,Description="Approximate read depth (reads with MQ=255 or with bad mates are filtered)">
##FORMAT=<ID=GQ,Number=1,Type=Integer,Description="Genotype Quality">
##FORMAT=<ID=GT,Number=1,Type=String,Description="Genotype">
##FORMAT=<ID=PGT,Number=1,Type=String,Description="Physical phasing haplotype information, describing how the alternate alleles are phased in relation to one another">
##FORMAT=<ID=PID,Number=1,Type=String,Description="Physical phasing ID information, where each unique ID within a given sample (but not across samples) connects records within a phasing group">
##FORMAT=<ID=PL,Number=G,Type=Integer,Description="Normalized, Phred-scaled likelihoods for genotypes as defined in the VCF specification">
##FORMAT=<ID=RGQ,Number=1,Type=Integer,Description="Unconditional reference genotype confidence, encoded as a phred quality -10*log10 p(genotype call is wrong)">
##FORMAT=<ID=SB,Number=4,Type=Integer,Description="Per-sample component statistics which comprise the Fisher's Exact Test to detect strand bias.">
##GATKCommandLine.ApplyRecalibration=<ID=ApplyRecalibration,Version=3.7-0-gcfedb67,Date="Mon Oct 28 02:26:23 EDT 2019",Epoch=1572243983860,CommandLineOptions="analysis_type=ApplyRecalibration input_file=[] showFullBamList=false read_buffer_size=null read_filter=[] disable_read_filter=[] intervals=null excludeIntervals=null interval_set_rule=UNION interval_merging=ALL interval_padding=0 reference_sequence=/home/mk446/BiO/Install/GATK-bundle/2.8/b38/GRCh38_full_analysis_set_plus_decoy_hla.fa nonDeterministicRandomSeed=false disableDithering=false maxRuntime=-1 maxRuntimeUnits=MINUTES downsampling_type=NONE downsample_to_fraction=null downsample_to_coverage=null baq=OFF baqGapOpenPenalty=40.0 refactor_NDN_cigar_string=false fix_misencoded_quality_scores=false allow_potentially_misencoded_quality_scores=false useOriginalQualities=false defaultBaseQualities=-1 performanceLog=null BQSR=null quantize_quals=0 static_quantized_quals=null round_down_quantized=false disable_indel_quals=false emit_original_quals=false preserve_qscores_less_than=6 globalQScorePrior=-1.0 secondsBetweenProgressUpdates=10 validation_strictness=SILENT remove_program_records=false keep_program_records=false sample_rename_mapping_file=null unsafe=null disable_auto_index_creation_and_locking_when_reading_rods=false no_cmdline_in_header=false sites_only=false never_trim_vcf_format_field=false bcf=false bam_compression=null simplifyBAM=false disable_bam_indexing=false generate_md5=false num_threads=2 num_cpu_threads_per_data_thread=1 num_io_threads=0 monitorThreadEfficiency=false num_bam_file_handles=null read_group_black_list=null pedigree=[] pedigreeString=[] pedigreeValidationType=STRICT allow_intervals_with_unindexed_bam=false generateShadowBCF=false variant_index_type=DYNAMIC_SEEK variant_index_parameter=-1 reference_window_stop=0 phone_home= gatk_key=null tag=NA logging_level=INFO log_to_file=null help=false version=false input=[(RodBinding name=input source=/home/mk446/BiO/Data/AshkenazimTrio/b38/JC/VCF/HCG/HC_S4_VQSR/AT.mnv.vcf)] recal_file=(RodBinding name=recal_file source=/home/mk446/BiO/Data/AshkenazimTrio/b38/JC/VCF/HCG/HC_S4_VQSR/AT_gau6.mnv.recal.vcf) tranches_file=/home/mk446/BiO/Data/AshkenazimTrio/b38/JC/VCF/HCG/HC_S4_VQSR/AT_gau6.mnv.recal.tranches out=/home/mk446/BiO/Data/AshkenazimTrio/b38/JC/VCF/HCG/HC_S4_VQSR/AT_gau6.mnv.vqsr.vcf ts_filter_level=99.0 useAlleleSpecificAnnotations=false lodCutoff=null ignore_filter=null ignore_all_filters=false excludeFiltered=false mode=SNP filter_reads_with_N_cigar=false filter_mismatching_base_and_quals=false filter_bases_not_stored=false">
##GATKCommandLine.GenotypeGVCFs=<ID=GenotypeGVCFs,Version=3.7-0-gcfedb67,Date="Thu Oct 10 10:07:42 EDT 2019",Epoch=1570716462013,CommandLineOptions="analysis_type=GenotypeGVCFs input_file=[] showFullBamList=false read_buffer_size=null read_filter=[BadCigar] disable_read_filter=[] intervals=[chr1:1-1000000] excludeIntervals=null interval_set_rule=UNION interval_merging=ALL interval_padding=0 reference_sequence=/home/mk446/BiO/Install/GATK-bundle/2.8/b38/GRCh38_full_analysis_set_plus_decoy_hla.fa nonDeterministicRandomSeed=false disableDithering=false maxRuntime=-1 maxRuntimeUnits=MINUTES downsampling_type=NONE downsample_to_fraction=null downsample_to_coverage=null baq=OFF baqGapOpenPenalty=40.0 refactor_NDN_cigar_string=false fix_misencoded_quality_scores=false allow_potentially_misencoded_quality_scores=false useOriginalQualities=false defaultBaseQualities=-1 performanceLog=null BQSR=null quantize_quals=0 static_quantized_quals=null round_down_quantized=false disable_indel_quals=false emit_original_quals=false preserve_qscores_less_than=6 globalQScorePrior=-1.0 secondsBetweenProgressUpdates=10 validation_strictness=SILENT remove_program_records=false keep_program_records=false sample_rename_mapping_file=null unsafe=null disable_auto_index_creation_and_locking_when_reading_rods=false no_cmdline_in_header=false sites_only=false never_trim_vcf_format_field=false bcf=false bam_compression=null simplifyBAM=false disable_bam_indexing=false generate_md5=false num_threads=2 num_cpu_threads_per_data_thread=1 num_io_threads=0 monitorThreadEfficiency=false num_bam_file_handles=null read_group_black_list=null pedigree=[] pedigreeString=[] pedigreeValidationType=STRICT allow_intervals_with_unindexed_bam=false generateShadowBCF=false variant_index_type=DYNAMIC_SEEK variant_index_parameter=-1 reference_window_stop=0 phone_home= gatk_key=null tag=NA logging_level=INFO log_to_file=null help=false version=false variant=[(RodBindingCollection [(RodBinding name=variant source=/home/mk446/BiO/Data/AshkenazimTrio/b38/JC/VCF/HCG/HC_S1_VARCALL/HG002-1_chr1_1.g.vcf.gz)]), (RodBindingCollection [(RodBinding name=variant2 source=/home/mk446/BiO/Data/AshkenazimTrio/b38/JC/VCF/HCG/HC_S1_VARCALL/HG003-1_chr1_1.g.vcf.gz)]), (RodBindingCollection [(RodBinding name=variant3 source=/home/mk446/BiO/Data/AshkenazimTrio/b38/JC/VCF/HCG/HC_S1_VARCALL/HG004-1_chr1_1.g.vcf.gz)])] out=/home/mk446/BiO/Data/AshkenazimTrio/b38/JC/VCF/HCG/HC_S2_GENOTYPE/AT_chr1_1.geno.vcf includeNonVariantSites=false uniquifySamples=false annotateNDA=false useNewAFCalculator=false heterozygosity=0.001 indel_heterozygosity=1.25E-4 heterozygosity_stdev=0.01 standard_min_confidence_threshold_for_calling=30.0 standard_min_confidence_threshold_for_emitting=30.0 max_alternate_alleles=6 max_genotype_count=1024 max_num_PL_values=100 input_prior=[] sample_ploidy=2 annotation=[] group=[StandardAnnotation] dbsnp=(RodBinding name=dbsnp source=/home/mk446/BiO/Install/GATK-bundle/dbsnp_147_hg38_common_all_20160601.vcf) filter_reads_with_N_cigar=false filter_mismatching_base_and_quals=false filter_bases_not_stored=false">
##GATKCommandLine.HaplotypeCaller=<ID=HaplotypeCaller,Version=3.7-0-gcfedb67,Date="Tue Oct 08 10:00:48 EDT 2019",Epoch=1570543248949,CommandLineOptions="analysis_type=HaplotypeCaller input_file=[/home/mk446/BiO/Data/AshkenazimTrio/b38/HG002.GRCh38.60x.1_addrg.bam] showFullBamList=false read_buffer_size=null read_filter=[BadCigar] disable_read_filter=[] intervals=[chr1:1-1000000] excludeIntervals=null interval_set_rule=UNION interval_merging=ALL interval_padding=0 reference_sequence=/home/mk446/BiO/Install/GATK-bundle/2.8/b38/GRCh38_full_analysis_set_plus_decoy_hla.fa nonDeterministicRandomSeed=false disableDithering=false maxRuntime=-1 maxRuntimeUnits=MINUTES downsampling_type=NONE downsample_to_fraction=null downsample_to_coverage=null baq=OFF baqGapOpenPenalty=40.0 refactor_NDN_cigar_string=false fix_misencoded_quality_scores=false allow_potentially_misencoded_quality_scores=false useOriginalQualities=false defaultBaseQualities=-1 performanceLog=null BQSR=null quantize_quals=0 static_quantized_quals=null round_down_quantized=false disable_indel_quals=false emit_original_quals=false preserve_qscores_less_than=6 globalQScorePrior=-1.0 secondsBetweenProgressUpdates=10 validation_strictness=SILENT remove_program_records=false keep_program_records=false sample_rename_mapping_file=null unsafe=null disable_auto_index_creation_and_locking_when_reading_rods=false no_cmdline_in_header=false sites_only=false never_trim_vcf_format_field=false bcf=false bam_compression=null simplifyBAM=false disable_bam_indexing=false generate_md5=false num_threads=1 num_cpu_threads_per_data_thread=2 num_io_threads=0 monitorThreadEfficiency=false num_bam_file_handles=null read_group_black_list=null pedigree=[] pedigreeString=[] pedigreeValidationType=STRICT allow_intervals_with_unindexed_bam=false generateShadowBCF=false variant_index_type=DYNAMIC_SEEK variant_index_parameter=-1 reference_window_stop=0 phone_home= gatk_key=null tag=NA logging_level=INFO log_to_file=null help=false version=false out=/home/mk446/BiO/Data/AshkenazimTrio/b38/VCF/HCG/HC_S1_VARCALL/HG002-1_chr1_1.g.vcf likelihoodCalculationEngine=PairHMM heterogeneousKmerSizeResolution=COMBO_MIN dbsnp=(RodBinding name=dbsnp source=/home/mk446/BiO/Install/GATK-bundle/dbsnp_147_hg38_common_all_20160601.vcf) dontTrimActiveRegions=false maxDiscARExtension=25 maxGGAARExtension=300 paddingAroundIndels=150 paddingAroundSNPs=20 comp=[] annotation=[StrandBiasBySample] excludeAnnotation=[ChromosomeCounts, FisherStrand, StrandOddsRatio, QualByDepth] group=[StandardAnnotation, StandardHCAnnotation] debug=false useFilteredReadsForAnnotations=false emitRefConfidence=BP_RESOLUTION bamOutput=null bamWriterType=CALLED_HAPLOTYPES emitDroppedReads=false disableOptimizations=false annotateNDA=false useNewAFCalculator=false heterozygosity=0.001 indel_heterozygosity=1.25E-4 heterozygosity_stdev=0.01 standard_min_confidence_threshold_for_calling=-0.0 standard_min_confidence_threshold_for_emitting=30.0 max_alternate_alleles=6 max_genotype_count=1024 max_num_PL_values=100 input_prior=[] sample_ploidy=2 genotyping_mode=DISCOVERY alleles=(RodBinding name= source=UNBOUND) contamination_fraction_to_filter=0.0 contamination_fraction_per_sample_file=null p_nonref_model=null exactcallslog=null output_mode=EMIT_VARIANTS_ONLY allSitePLs=true gcpHMM=10 pair_hmm_implementation=VECTOR_LOGLESS_CACHING pair_hmm_sub_implementation=ENABLE_ALL always_load_vector_logless_PairHMM_lib=false phredScaledGlobalReadMismappingRate=45 noFpga=false sample_name=null kmerSize=[10, 25] dontIncreaseKmerSizesForCycles=false allowNonUniqueKmersInRef=false numPruningSamples=1 recoverDanglingHeads=false doNotRecoverDanglingBranches=false minDanglingBranchLength=4 consensus=false maxNumHaplotypesInPopulation=128 errorCorrectKmers=false minPruning=2 debugGraphTransformations=false allowCyclesInKmerGraphToGeneratePaths=false graphOutput=null kmerLengthForReadErrorCorrection=25 minObservationsForKmerToBeSolid=20 GVCFGQBands=[1, 2, 3, 4, 5, 6, 7, 8, 9, 10, 11, 12, 13, 14, 15, 16, 17, 18, 19, 20, 21, 22, 23, 24, 25, 26, 27, 28, 29, 30, 31, 32, 33, 34, 35, 36, 37, 38, 39, 40, 41, 42, 43, 44, 45, 46, 47, 48, 49, 50, 51, 52, 53, 54, 55, 56, 57, 58, 59, 60, 70, 80, 90, 99] indelSizeToEliminateInRefModel=10 min_base_quality_score=10 includeUmappedReads=false useAllelesTrigger=false doNotRunPhysicalPhasing=false keepRG=null justDetermineActiveRegions=false dontGenotype=false dontUseSoftClippedBases=false captureAssemblyFailureBAM=false errorCorrectReads=false pcr_indel_model=CONSERVATIVE maxReadsInRegionPerSample=10000 minReadsPerAlignmentStart=10 mergeVariantsViaLD=false activityProfileOut=null activeRegionOut=null activeRegionIn=null activeRegionExtension=null forceActive=false activeRegionMaxSize=null bandPassSigma=null maxReadsInMemoryPerSample=30000 maxTotalReadsInMemory=10000000 maxProbPropagationDistance=50 activeProbabilityThreshold=0.002 min_mapping_quality_score=20 filter_reads_with_N_cigar=false filter_mismatching_base_and_quals=false filter_bases_not_stored=false">
##GATKCommandLine.SelectVariants=<ID=SelectVariants,Version=3.7-0-gcfedb67,Date="Thu Oct 10 16:00:43 EDT 2019",Epoch=1570737643553,CommandLineOptions="analysis_type=SelectVariants input_file=[] showFullBamList=false read_buffer_size=null read_filter=[] disable_read_filter=[] intervals=null excludeIntervals=null interval_set_rule=UNION interval_merging=ALL interval_padding=0 reference_sequence=/home/mk446/BiO/Install/GATK-bundle/2.8/b38/GRCh38_full_analysis_set_plus_decoy_hla.fa nonDeterministicRandomSeed=false disableDithering=false maxRuntime=-1 maxRuntimeUnits=MINUTES downsampling_type=NONE downsample_to_fraction=null downsample_to_coverage=null baq=OFF baqGapOpenPenalty=40.0 refactor_NDN_cigar_string=false fix_misencoded_quality_scores=false allow_potentially_misencoded_quality_scores=false useOriginalQualities=false defaultBaseQualities=-1 performanceLog=null BQSR=null quantize_quals=0 static_quantized_quals=null round_down_quantized=false disable_indel_quals=false emit_original_quals=false preserve_qscores_less_than=6 globalQScorePrior=-1.0 secondsBetweenProgressUpdates=10 validation_strictness=SILENT remove_program_records=false keep_program_records=false sample_rename_mapping_file=null unsafe=null disable_auto_index_creation_and_locking_when_reading_rods=false no_cmdline_in_header=false sites_only=false never_trim_vcf_format_field=false bcf=false bam_compression=null simplifyBAM=false disable_bam_indexing=false generate_md5=false num_threads=1 num_cpu_threads_per_data_thread=1 num_io_threads=0 monitorThreadEfficiency=false num_bam_file_handles=null read_group_black_list=null pedigree=[] pedigreeString=[] pedigreeValidationType=STRICT allow_intervals_with_unindexed_bam=false generateShadowBCF=false variant_index_type=DYNAMIC_SEEK variant_index_parameter=-1 reference_window_stop=0 phone_home= gatk_key=null tag=NA logging_level=INFO log_to_file=null help=false version=false variant=(RodBinding name=variant source=/home/mk446/BiO/Data/AshkenazimTrio/b38/JC/VCF/HCG/HC_S3_COMBINEGENO/AT.geno.vcf) discordance=(RodBinding name= source=UNBOUND) concordance=(RodBinding name= source=UNBOUND) out=/home/mk446/BiO/Data/AshkenazimTrio/b38/JC/VCF/HCG/HC_S4_VQSR/AT.mnv.vcf sample_name=[] sample_expressions=null sample_file=null exclude_sample_name=[] exclude_sample_file=[] exclude_sample_expressions=[] selectexpressions=[] invertselect=false excludeNonVariants=false excludeFiltered=false preserveAlleles=false removeUnusedAlternates=false restrictAllelesTo=ALL keepOriginalAC=false keepOriginalDP=false mendelianViolation=false invertMendelianViolation=false mendelianViolationQualThreshold=0.0 select_random_fraction=0.0 remove_fraction_genotypes=0.0 selectTypeToInclude=[SNP, MNP] selectTypeToExclude=[] keepIDs=null excludeIDs=null fullyDecode=false justRead=false maxIndelSize=2147483647 minIndelSize=0 maxFilteredGenotypes=2147483647 minFilteredGenotypes=0 maxFractionFilteredGenotypes=1.0 minFractionFilteredGenotypes=0.0 maxNOCALLnumber=2147483647 maxNOCALLfraction=1.0 setFilteredGtToNocall=false ALLOW_NONOVERLAPPING_COMMAND_LINE_SAMPLES=false forceValidOutput=false filter_reads_with_N_cigar=false filter_mismatching_base_and_quals=false filter_bases_not_stored=false">
##INFO=<ID=AC,Number=A,Type=Integer,Description="Allele count in genotypes, for each ALT allele, in the same order as listed">
##INFO=<ID=AF,Number=A,Type=Float,Description="Allele Frequency, for each ALT allele, in the same order as listed">
##INFO=<ID=AN,Number=1,Type=Integer,Description="Total number of alleles in called genotypes">
##INFO=<ID=BaseQRankSum,Number=1,Type=Float,Description="Z-score from Wilcoxon rank sum test of Alt Vs. Ref base qualities">
##INFO=<ID=ClippingRankSum,Number=1,Type=Float,Description="Z-score From Wilcoxon rank sum test of Alt vs. Ref number of hard clipped bases">
##INFO=<ID=DB,Number=0,Type=Flag,Description="dbSNP Membership">
##INFO=<ID=DP,Number=1,Type=Integer,Description="Approximate read depth; some reads may have been filtered">
##INFO=<ID=DS,Number=0,Type=Flag,Description="Were any of the samples downsampled?">
##INFO=<ID=END,Number=1,Type=Integer,Description="Stop position of the interval">
##INFO=<ID=ExcessHet,Number=1,Type=Float,Description="Phred-scaled p-value for exact test of excess heterozygosity">
##INFO=<ID=FS,Number=1,Type=Float,Description="Phred-scaled p-value using Fisher's exact test to detect strand bias">
##INFO=<ID=HaplotypeScore,Number=1,Type=Float,Description="Consistency of the site with at most two segregating haplotypes">
##INFO=<ID=InbreedingCoeff,Number=1,Type=Float,Description="Inbreeding coefficient as estimated from the genotype likelihoods per-sample when compared against the Hardy-Weinberg expectation">
##INFO=<ID=MLEAC,Number=A,Type=Integer,Description="Maximum likelihood expectation (MLE) for the allele counts (not necessarily the same as the AC), for each ALT allele, in the same order as listed">
##INFO=<ID=MLEAF,Number=A,Type=Float,Description="Maximum likelihood expectation (MLE) for the allele frequency (not necessarily the same as the AF), for each ALT allele, in the same order as listed">
##INFO=<ID=MQ,Number=1,Type=Float,Description="RMS Mapping Quality">
##INFO=<ID=MQRankSum,Number=1,Type=Float,Description="Z-score From Wilcoxon rank sum test of Alt vs. Ref read mapping qualities">
##INFO=<ID=NEGATIVE_TRAIN_SITE,Number=0,Type=Flag,Description="This variant was used to build the negative training set of bad variants">
##INFO=<ID=POSITIVE_TRAIN_SITE,Number=0,Type=Flag,Description="This variant was used to build the positive training set of good variants">
##INFO=<ID=QD,Number=1,Type=Float,Description="Variant Confidence/Quality by Depth">
##INFO=<ID=RAW_MQ,Number=1,Type=Float,Description="Raw data for RMS Mapping Quality">
##INFO=<ID=ReadPosRankSum,Number=1,Type=Float,Description="Z-score from Wilcoxon rank sum test of Alt vs. Ref read position bias">
##INFO=<ID=SOR,Number=1,Type=Float,Description="Symmetric Odds Ratio of 2x2 contingency table to detect strand bias">
##INFO=<ID=VQSLOD,Number=1,Type=Float,Description="Log odds of being a true variant versus being false under the trained gaussian mixture model">
##INFO=<ID=culprit,Number=1,Type=String,Description="The annotation which was the worst performing in the Gaussian mixture model, likely the reason why the variant was filtered out">
##reference=file:///home/mk446/BiO/Install/GATK-bundle/2.8/b38/GRCh38_full_analysis_set_plus_decoy_hla.fa
##source=SelectVariants
##MUTANNO=<ID=MUTANNO,Version="0.3",Date="10/29/2020",DataVersion="0.2",DataDate="02/05/2020">
##MUTANNO=<ID=VEP,Version="v99",Date="11/04/2019">
##MUTANNO=<ID=gnomADgenome,Version="3.0",Date="03/06/2019">
##MUTANNO=<ID=CLINVAR,Version="20200106",Date="01/06/2020">
##MUTANNO=<ID=SpliceAI,Version="20191004",Date="10/04/2019">
##INFO=<ID=VEP,Number=.,Type=String,Description="Predicted nonsense mediated decay effects for this variant by VEP. Format:'Gene|Feature|Feature_type|Consequence|SYMBOL' ">
##INFO=<ID=gnomADgenome,Number=.,Type=String,Description="population AF by gnomAD. Format:'gnomAD_popMaxAF_genome' ">
##INFO=<ID=CLINVAR,Number=.,Type=String,Description="CLINVAR variants. Format:'CLINVAR_ALLELEID|CLINVAR_CLNSIG' ">
##INFO=<ID=SpliceAI,Number=.,Type=String,Description="SpliceAI scores. Format:'SpliceAI_MaxScore' ">
#CHROM	POS	ID	REF	ALT	QUAL	FILTER	INFO	FORMAT	HG002	HG003	HG004
chr1	13273	rs531730856	G	C	649.12	VQSRTrancheSNP99.90to100.00	AC=2;AF=0.500;AN=4;DB;DP=33;ExcessHet=0.7918;FS=0.000;MLEAC=2;MLEAF=0.500;MQ=46.68;QD=34.24;SOR=0.914;VQSLOD=-2.403e+01;culprit=MQ;VEP=ENSG00000223972|ENST00000450305|Transcript|non_coding_transcript_exon_variant|DDX11L1,ENSG00000223972|ENST00000456328|Transcript|non_coding_transcript_exon_variant|DDX11L1,ENSG00000227232|ENST00000488147|Transcript|downstream_gene_variant|WASH7P,ENSG00000278267|ENST00000619216|Transcript|downstream_gene_variant|MIR6859-1;gnomADgenome=0.216508	GT:AD:DP:GQ:PL	./.:0,0:0:.:0,0,0	0/0:15,0:15:45:0,45,616	1/1:0,18:18:54:683,54,0
chr1	13417	.	C	CGAGA	746.13	PASS	AC=2;AF=0.500;AN=4;DP=30;ExcessHet=0.7918;FS=0.000;MLEAC=2;MLEAF=0.500;MQ=40.06;QD=30.63;SOR=1.493;VQSLOD=5.10;culprit=FS;VEP=ENSG00000223972|ENST00000450305|Transcript|intron_variant&non_coding_transcript_variant|DDX11L1,ENSG00000223972|ENST00000456328|Transcript|non_coding_transcript_exon_variant|DDX11L1,ENSG00000227232|ENST00000488147|Transcript|downstream_gene_variant|WASH7P,ENSG00000278267|ENST00000619216|Transcript|downstream_gene_variant|MIR6859-1,|ENSR00000344265|RegulatoryFeature|regulatory_region_variant|;gnomADgenome=0.17121	GT:AD:DP:GQ:PL	./.:0,0:0:.:0,0,0	0/0:10,0:10:24:0,24,360	1/1:0,18:18:54:789,54,0
chr1	15903	rs557514207	G	GC	488.89	PASS	AC=4;AF=1.00;AN=4;DB;DP=19;ExcessHet=3.0103;FS=0.000;MLEAC=4;MLEAF=1.00;MQ=40.84;QD=32.59;SOR=1.911;VQSLOD=5.46;culprit=FS;VEP=ENSG00000223972|ENST00000450305|Transcript|downstream_gene_variant|DDX11L1,ENSG00000223972|ENST00000456328|Transcript|downstream_gene_variant|DDX11L1,ENSG00000227232|ENST00000488147|Transcript|non_coding_transcript_exon_variant|WASH7P,ENSG00000278267|ENST00000619216|Transcript|downstream_gene_variant|MIR6859-1,|ENSR00000344266|RegulatoryFeature|regulatory_region_variant|;gnomADgenome=0.985009	GT:AD:DP:GQ:PL	./.:1,0:1:.:0,0,0	1/1:0,7:7:21:249,21,0	1/1:0,8:8:24:275,24,0
chr1	16288	.	C	G	86.17	VQSRTrancheSNP99.90to100.00	AC=2;AF=0.333;AN=6;BaseQRankSum=-3.490e-01;ClippingRankSum=0.00;DP=128;ExcessHet=3.9794;FS=29.430;MLEAC=2;MLEAF=0.333;MQ=50.58;MQRankSum=-1.815e+00;QD=0.87;ReadPosRankSum=-8.030e-01;SOR=4.743;VQSLOD=-2.625e+01;culprit=MQ;VEP=ENSG00000223972|ENST00000450305|Transcript|downstream_gene_variant|DDX11L1,ENSG00000223972|ENST00000456328|Transcript|downstream_gene_variant|DDX11L1,ENSG00000227232|ENST00000488147|Transcript|intron_variant&non_coding_transcript_variant|WASH7P,ENSG00000278267|ENST00000619216|Transcript|downstream_gene_variant|MIR6859-1,|ENSR00000344266|RegulatoryFeature|regulatory_region_variant|,|ENSR00000918273|RegulatoryFeature|regulatory_region_variant|,|ENSM00205579305|MotifFeature|TF_binding_site_variant|;gnomADgenome=0.276906	GT:AD:DP:GQ:PL	0/1:42,5:47:1:1,0,1282	0/0:27,2:29:25:0,25,1176	0/1:44,8:52:99:114,0,1729
chr1	16298	.	C	T	1496.16	VQSRTrancheSNP99.90to100.00	AC=4;AF=0.667;AN=6;BaseQRankSum=0.972;ClippingRankSum=0.00;DP=93;ExcessHet=3.9794;FS=2.743;MLEAC=4;MLEAF=0.667;MQ=47.79;MQRankSum=-2.797e+00;QD=16.09;ReadPosRankSum=0.919;SOR=1.024;VQSLOD=-2.204e+01;culprit=MQ;VEP=ENSG00000223972|ENST00000450305|Transcript|downstream_gene_variant|DDX11L1,ENSG00000223972|ENST00000456328|Transcript|downstream_gene_variant|DDX11L1,ENSG00000227232|ENST00000488147|Transcript|intron_variant&non_coding_transcript_variant|WASH7P,ENSG00000278267|ENST00000619216|Transcript|downstream_gene_variant|MIR6859-1,|ENSR00000344266|RegulatoryFeature|regulatory_region_variant|,|ENSR00000918273|RegulatoryFeature|regulatory_region_variant|,|ENSM00205579305|MotifFeature|TF_binding_site_variant|;gnomADgenome=0.582111	GT:AD:DP:GQ:PL	1/1:0,27:27:81:916,81,0	0/1:21,4:25:77:77,0,733	0/1:25,16:41:99:535,0,848
chr1	17375	.	A	G	54.13	VQSRTrancheSNP99.90to100.00	AC=1;AF=0.167;AN=6;BaseQRankSum=-1.318e+00;ClippingRankSum=0.00;DP=319;ExcessHet=3.0103;FS=5.963;MLEAC=1;MLEAF=0.167;MQ=47.09;MQRankSum=0.123;QD=0.64;ReadPosRankSum=-3.580e-01;SOR=0.956;VQSLOD=-2.847e+01;culprit=MQ;VEP=ENSG00000223972|ENST00000450305|Transcript|downstream_gene_variant|DDX11L1,ENSG00000223972|ENST00000456328|Transcript|downstream_gene_variant|DDX11L1,ENSG00000227232|ENST00000488147|Transcript|splice_region_variant&intron_variant&non_coding_transcript_variant|WASH7P,ENSG00000278267|ENST00000619216|Transcript|mature_miRNA_variant|MIR6859-1;gnomADgenome=0.00804296	GT:AD:DP:GQ:PGT:PID:PL	0/0:125,5:130:99:.:.:0,120,1800	0/1:76,8:84:85:0|1:17365_C_G:85,0,4014	0/0:104,1:105:99:.:.:0,120,1800
chr1	17385	.	G	A	2650.92	VQSRTrancheSNP99.90to100.00	AC=3;AF=0.500;AN=6;BaseQRankSum=0.267;ClippingRankSum=0.00;DP=344;ExcessHet=6.9897;FS=2.041;MLEAC=3;MLEAF=0.500;MQ=48.49;MQRankSum=-1.090e+00;QD=7.77;ReadPosRankSum=0.364;SOR=0.840;VQSLOD=-2.533e+01;culprit=MQ;VEP=ENSG00000223972|ENST00000450305|Transcript|downstream_gene_variant|DDX11L1,ENSG00000223972|ENST00000456328|Transcript|downstream_gene_variant|DDX11L1,ENSG00000227232|ENST00000488147|Transcript|intron_variant&non_coding_transcript_variant|WASH7P,ENSG00000278267|ENST00000619216|Transcript|mature_miRNA_variant|MIR6859-1;gnomADgenome=0.213488	GT:AD:DP:GQ:PL	0/1:99,49:148:99:1359,0,3194	0/1:72,12:84:99:188,0,2487	0/1:70,39:109:99:1134,0,2217
chr1	17406	.	C	T	89.13	VQSRTrancheSNP99.90to100.00	AC=1;AF=0.167;AN=6;BaseQRankSum=-1.470e+00;ClippingRankSum=0.00;DP=399;ExcessHet=3.0103;FS=9.154;MLEAC=1;MLEAF=0.167;MQ=52.19;MQRankSum=-2.910e-01;QD=0.88;ReadPosRankSum=-1.000e-01;SOR=1.311;VQSLOD=-2.239e+01;culprit=MQ;VEP=ENSG00000223972|ENST00000450305|Transcript|downstream_gene_variant|DDX11L1,ENSG00000223972|ENST00000456328|Transcript|downstream_gene_variant|DDX11L1,ENSG00000227232|ENST00000488147|Transcript|intron_variant&non_coding_transcript_variant|WASH7P,ENSG00000278267|ENST00000619216|Transcript|non_coding_transcript_exon_variant|MIR6859-1;gnomADgenome=0.0011789	GT:AD:DP:GQ:PL	0/0:161,6:167:99:0,120,1800	0/1:89,12:101:99:120,0,3172	0/0:129,0:129:99:0,120,1800
chr1	268054	.	A	G	1184.16	VQSRTrancheSNP99.90to100.00	AC=2;AF=0.333;AN=6;BaseQRankSum=3.07;ClippingRankSum=0.00;DP=380;ExcessHet=3.9794;FS=6.883;MLEAC=2;MLEAF=0.333;MQ=58.97;MQRankSum=-1.346e+00;QD=5.06;ReadPosRankSum=1.61;SOR=1.033;VQSLOD=-1.143e+01;culprit=DP;VEP=ENSG00000228463|ENST00000424587|Transcript|non_coding_transcript_exon_variant|AP006222.1,ENSG00000228463|ENST00000441866|Transcript|intron_variant&non_coding_transcript_variant|AP006222.1,ENSG00000228463|ENST00000442116|Transcript|upstream_gene_variant|AP006222.1,ENSG00000228463|ENST00000448958|Transcript|non_coding_transcript_exon_variant|AP006222.1,ENSG00000228463|ENST00000634344|Transcript|non_coding_transcript_exon_variant|AP006222.1,ENSG00000286448|ENST00000669836|Transcript|intron_variant&non_coding_transcript_variant|AP006222.2,|ENSR00000249766|RegulatoryFeature|regulatory_region_variant|,|ENSM00120423922|MotifFeature|TF_binding_site_variant|;gnomADgenome=0.112185	GT:AD:DP:GQ:PL	0/0:146,0:146:99:0,120,1800	0/1:90,20:110:99:404,0,2921	0/1:93,31:124:99:812,0,2986
chr1	1899573	rs7542410	C	T	2253.90	PASS	AC=3;AF=0.500;AN=6;BaseQRankSum=0.198;ClippingRankSum=0.00;DB;DP=150;ExcessHet=1.5490;FS=0.000;MLEAC=3;MLEAF=0.500;MQ=70.00;MQRankSum=0.00;POSITIVE_TRAIN_SITE;QD=24.50;ReadPosRankSum=-2.433e+00;SOR=0.695;VQSLOD=15.40;culprit=MQ;VEP=|ENSR00000249822|RegulatoryFeature|regulatory_region_variant|,|ENSR00000918509|RegulatoryFeature|regulatory_region_variant|,|ENSM00032410051|MotifFeature|TF_binding_site_variant|,|ENSM00135433323|MotifFeature|TF_binding_site_variant|,|||intergenic_variant|;gnomADgenome=0.543997	GT:AD:DP:GQ:PL	0/1:27,23:50:99:676,0,861	1/1:0,42:42:99:1614,126,0	0/0:58,0:58:99:0,120,1800
chr1	1043223	rs35881187	CCT	C	4386.09	PASS	AC=5;AF=0.833;AN=6;BaseQRankSum=-8.240e-01;ClippingRankSum=0.00;DB;DP=132;ExcessHet=3.0103;FS=0.792;MLEAC=5;MLEAF=0.833;MQ=70.00;MQRankSum=0.00;POSITIVE_TRAIN_SITE;QD=33.48;ReadPosRankSum=0.293;SOR=0.601;VQSLOD=5.17;culprit=QD;VEP=ENSG00000188157|ENST00000379370|Transcript|intron_variant|AGRN,ENSG00000188157|ENST00000466223|Transcript|upstream_gene_variant|AGRN,ENSG00000188157|ENST00000469403|Transcript|downstream_gene_variant|AGRN,ENSG00000188157|ENST00000478677|Transcript|upstream_gene_variant|AGRN,ENSG00000188157|ENST00000479707|Transcript|upstream_gene_variant|AGRN,ENSG00000188157|ENST00000620552|Transcript|intron_variant|AGRN,ENSG00000188157|ENST00000651234|Transcript|intron_variant|AGRN,ENSG00000188157|ENST00000652369|Transcript|intron_variant|AGRN;gnomADgenome=0.778958;CLINVAR=249310|Benign	GT:AD:DP:GQ:PL	1/1:0,41:41:99:1827,123,0	1/1:0,40:40:99:1771,120,0	0/1:28,22:50:99:828,0,1255
chr1	2392128	rs2935277	T	C	2013.92	PASS	AC=3;AF=0.500;AN=6;BaseQRankSum=0.809;ClippingRankSum=0.00;DB;DP=156;ExcessHet=6.9897;FS=2.913;MLEAC=3;MLEAF=0.500;MQ=70.00;MQRankSum=0.00;QD=13.08;ReadPosRankSum=-3.190e-01;SOR=0.978;VQSLOD=15.93;culprit=MQ;VEP=ENSG00000157916|ENST00000306256|Transcript|intron_variant|RER1,ENSG00000157916|ENST00000378512|Transcript|intron_variant|RER1,ENSG00000157916|ENST00000378513|Transcript|intron_variant|RER1,ENSG00000157916|ENST00000378518|Transcript|intron_variant|RER1,ENSG00000116151|ENST00000378525|Transcript|upstream_gene_variant|MORN1,ENSG00000116151|ENST00000378529|Transcript|upstream_gene_variant|MORN1,ENSG00000116151|ENST00000378531|Transcript|upstream_gene_variant|MORN1,ENSG00000157916|ENST00000443438|Transcript|upstream_gene_variant|RER1,ENSG00000116151|ENST00000449373|Transcript|upstream_gene_variant|MORN1,ENSG00000116151|ENST00000469374|Transcript|upstream_gene_variant|MORN1,ENSG00000116151|ENST00000475812|Transcript|upstream_gene_variant|MORN1,ENSG00000157916|ENST00000488353|Transcript|upstream_gene_variant|RER1,ENSG00000157916|ENST00000493207|Transcript|intron_variant&non_coding_transcript_variant|RER1,ENSG00000116151|ENST00000494279|Transcript|upstream_gene_variant|MORN1,ENSG00000157916|ENST00000605895|Transcript|intron_variant|RER1,ENSG00000116151|ENST00000606372|Transcript|upstream_gene_variant|MORN1,ENSG00000116151|ENST00000607031|Transcript|upstream_gene_variant|MORN1,|ENSR00000000337|RegulatoryFeature|regulatory_region_variant|,|ENSM00198432751|MotifFeature|regulatory_region_variant|;gnomADgenome=0.678179;SpliceAI=0.84	GT:AD:DP:GQ:PL	0/1:27,29:56:99:779,0,548	0/1:20,24:44:99:604,0,480	0/1:29,25:54:99:661,0,707
