##fileformat=VCFv4.2
##ALT=<ID=NON_REF,Description="Represents any possible alternative allele at this location">
##FILTER=<ID=LowQual,Description="Low quality">
##FORMAT=<ID=RSTR,Number=4,Type=Integer,Description="Reference and alternate allele read counts by strand (Rf,Af,Rr,Ar)">
##FORMAT=<ID=AD,Number=R,Type=Integer,Description="Allelic depths for the ref and alt alleles in the order listed">
##FORMAT=<ID=DP,Number=1,Type=Integer,Description="Approximate read depth (reads with MQ=255 or with bad mates are filtered)">
##FORMAT=<ID=GQ,Number=1,Type=Integer,Description="Genotype Quality">
##FORMAT=<ID=GT,Number=1,Type=String,Description="Genotype">
##FORMAT=<ID=MIN_DP,Number=1,Type=Integer,Description="Minimum DP observed within the GVCF block">
##FORMAT=<ID=PGT,Number=1,Type=String,Description="Physical phasing haplotype information, describing how the alternate alleles are phased in relation to one another">
##FORMAT=<ID=PID,Number=1,Type=String,Description="Physical phasing ID information, where each unique ID within a given sample (but not across samples) connects records within a phasing group">
##FORMAT=<ID=PL,Number=G,Type=Integer,Description="Normalized, Phred-scaled likelihoods for genotypes as defined in the VCF specification">
##FORMAT=<ID=PS,Number=1,Type=Integer,Description="Phasing set (typically the position of the first variant in the set)">
##FORMAT=<ID=RGQ,Number=1,Type=Integer,Description="Unconditional reference genotype confidence, encoded as a phred quality -10*log10 p(genotype call is wrong)">
##FORMAT=<ID=SB,Number=4,Type=Integer,Description="Per-sample component statistics which comprise the Fisher's Exact Test to detect strand bias.">
##GATKCommandLine=<ID=CombineGVCFs,CommandLine="CombineGVCFs  --output /home/mk446/bio/pipeline/JC50/GENO/1_9874305.comb.gvcf.gz --variant /home/mk446/bio/pipeline/JC50/GVCF/1_9874305_HG002.gvcf.gz --variant /home/mk446/bio/pipeline/JC50/GVCF/1_9874305_HG003.gvcf.gz --variant /home/mk446/bio/pipeline/JC50/GVCF/1_9874305_HG004.gvcf.gz --variant /home/mk446/bio/pipeline/JC50/GVCF/1_9874305_PSC-01-003.gvcf.gz --variant /home/mk446/bio/pipeline/JC50/GVCF/1_9874305_PSC-01-011.gvcf.gz --variant /home/mk446/bio/pipeline/JC50/GVCF/1_9874305_PSC-01-017.gvcf.gz --variant /home/mk446/bio/pipeline/JC50/GVCF/1_9874305_PSC-01-019.gvcf.gz --variant /home/mk446/bio/pipeline/JC50/GVCF/1_9874305_PSC-01-024.gvcf.gz --variant /home/mk446/bio/pipeline/JC50/GVCF/1_9874305_PSC-01-026.gvcf.gz --variant /home/mk446/bio/pipeline/JC50/GVCF/1_9874305_PSC-01-028.gvcf.gz --variant /home/mk446/bio/pipeline/JC50/GVCF/1_9874305_PSC-01-033.gvcf.gz --variant /home/mk446/bio/pipeline/JC50/GVCF/1_9874305_PSC-01-035.gvcf.gz --variant /home/mk446/bio/pipeline/JC50/GVCF/1_9874305_PSC-01-036.gvcf.gz --variant /home/mk446/bio/pipeline/JC50/GVCF/1_9874305_PSC-01-052.gvcf.gz --variant /home/mk446/bio/pipeline/JC50/GVCF/1_9874305_PSC-01-066.gvcf.gz --variant /home/mk446/bio/pipeline/JC50/GVCF/1_9874305_PSC-01-070.gvcf.gz --variant /home/mk446/bio/pipeline/JC50/GVCF/1_9874305_PSC-01-088.gvcf.gz --variant /home/mk446/bio/pipeline/JC50/GVCF/1_9874305_PSC-01-092.gvcf.gz --variant /home/mk446/bio/pipeline/JC50/GVCF/1_9874305_PSC-01-094.gvcf.gz --variant /home/mk446/bio/pipeline/JC50/GVCF/1_9874305_PSC-01-106.gvcf.gz --variant /home/mk446/bio/pipeline/JC50/GVCF/1_9874305_PSC-01-116.gvcf.gz --variant /home/mk446/bio/pipeline/JC50/GVCF/1_9874305_PSC-01-119.gvcf.gz --variant /home/mk446/bio/pipeline/JC50/GVCF/1_9874305_PSC-01-120.gvcf.gz --variant /home/mk446/bio/pipeline/JC50/GVCF/1_9874305_PSC-01-125.gvcf.gz --variant /home/mk446/bio/pipeline/JC50/GVCF/1_9874305_PSC-01-132.gvcf.gz --variant /home/mk446/bio/pipeline/JC50/GVCF/1_9874305_PSC-01-133.gvcf.gz --variant /home/mk446/bio/pipeline/JC50/GVCF/1_9874305_PSC-01-134.gvcf.gz --variant /home/mk446/bio/pipeline/JC50/GVCF/1_9874305_PSC-01-137.gvcf.gz --variant /home/mk446/bio/pipeline/JC50/GVCF/1_9874305_PSC-01-141.gvcf.gz --variant /home/mk446/bio/pipeline/JC50/GVCF/1_9874305_PSC-01-147.gvcf.gz --variant /home/mk446/bio/pipeline/JC50/GVCF/1_9874305_PSC-01-164.gvcf.gz --variant /home/mk446/bio/pipeline/JC50/GVCF/1_9874305_PSC-01-165.gvcf.gz --variant /home/mk446/bio/pipeline/JC50/GVCF/1_9874305_PSC-01-170.gvcf.gz --variant /home/mk446/bio/pipeline/JC50/GVCF/1_9874305_PSC-01-171.gvcf.gz --variant /home/mk446/bio/pipeline/JC50/GVCF/1_9874305_PSC-01-172.gvcf.gz --variant /home/mk446/bio/pipeline/JC50/GVCF/1_9874305_PSC-01-173.gvcf.gz --variant /home/mk446/bio/pipeline/JC50/GVCF/1_9874305_PSC-01-177.gvcf.gz --variant /home/mk446/bio/pipeline/JC50/GVCF/1_9874305_PSC-01-181.gvcf.gz --variant /home/mk446/bio/pipeline/JC50/GVCF/1_9874305_PSC-01-190.gvcf.gz --variant /home/mk446/bio/pipeline/JC50/GVCF/1_9874305_PSC-01-191.gvcf.gz --variant /home/mk446/bio/pipeline/JC50/GVCF/1_9874305_PSC-01-193.gvcf.gz --variant /home/mk446/bio/pipeline/JC50/GVCF/1_9874305_PSC-01-195.gvcf.gz --variant /home/mk446/bio/pipeline/JC50/GVCF/1_9874305_PSC-01-196.gvcf.gz --variant /home/mk446/bio/pipeline/JC50/GVCF/1_9874305_PSC-01-197.gvcf.gz --variant /home/mk446/bio/pipeline/JC50/GVCF/1_9874305_PSC-01-204.gvcf.gz --variant /home/mk446/bio/pipeline/JC50/GVCF/1_9874305_PSC-01-207.gvcf.gz --variant /home/mk446/bio/pipeline/JC50/GVCF/1_9874305_PSC-01-208.gvcf.gz --variant /home/mk446/bio/pipeline/JC50/GVCF/1_9874305_PSC-01-211.gvcf.gz --variant /home/mk446/bio/pipeline/JC50/GVCF/1_9874305_PSC-01-213.gvcf.gz --variant /home/mk446/bio/pipeline/JC50/GVCF/1_9874305_PSC-01-223.gvcf.gz --reference /home/mk446/BiO/Install/GATK-bundle/2.8/b37/human_g1k_v37_decoy.fasta  --convert-to-base-pair-resolution false --break-bands-at-multiples-of 0 --input-is-somatic false --drop-somatic-filtering-annotations false --ignore-variants-starting-outside-interval false --interval-set-rule UNION --interval-padding 0 --interval-exclusion-padding 0 --interval-merging-rule ALL --read-validation-stringency SILENT --seconds-between-progress-updates 10.0 --disable-sequence-dictionary-validation false --create-output-bam-index true --create-output-bam-md5 false --create-output-variant-index true --create-output-variant-md5 false --lenient false --add-output-sam-program-record true --add-output-vcf-command-line true --cloud-prefetch-buffer 40 --cloud-index-prefetch-buffer -1 --disable-bam-index-caching false --sites-only-vcf-output false --help false --version false --showHidden false --verbosity INFO --QUIET false --use-jdk-deflater false --use-jdk-inflater false --gcs-max-retries 20 --gcs-project-for-requester-pays  --disable-tool-default-read-filters false --disable-tool-default-annotations false --enable-all-annotations false",Version="4.1.2.0",Date="November 18, 2019 11:26:58 AM EST">
##GATKCommandLine=<ID=GenotypeGVCFs,CommandLine="GenotypeGVCFs  --output /home/mk446/bio/pipeline/JC50/GENO/1_9874305.geno.vcf.gz --standard-min-confidence-threshold-for-calling 30.0 --dbsnp /home/mk446/BiO/Install/GATK-bundle/dbsnp_147_b37_common_all_20160601.vcf --variant /home/mk446/bio/pipeline/JC50/GENO/1_9874305.comb.gvcf.gz --reference /home/mk446/BiO/Install/GATK-bundle/2.8/b37/human_g1k_v37_decoy.fasta --verbosity INFO  --include-non-variant-sites false --merge-input-intervals false --input-is-somatic false --tumor-lod-to-emit 3.5 --allele-fraction-error 0.001 --keep-combined-raw-annotations false --use-new-qual-calculator true --use-old-qual-calculator false --annotate-with-num-discovered-alleles false --heterozygosity 0.001 --indel-heterozygosity 1.25E-4 --heterozygosity-stdev 0.01 --max-alternate-alleles 6 --max-genotype-count 1024 --sample-ploidy 2 --num-reference-samples-if-no-call 0 --only-output-calls-starting-in-intervals false --interval-set-rule UNION --interval-padding 0 --interval-exclusion-padding 0 --interval-merging-rule ALL --read-validation-stringency SILENT --seconds-between-progress-updates 10.0 --disable-sequence-dictionary-validation false --create-output-bam-index true --create-output-bam-md5 false --create-output-variant-index true --create-output-variant-md5 false --lenient false --add-output-sam-program-record true --add-output-vcf-command-line true --cloud-prefetch-buffer 40 --cloud-index-prefetch-buffer -1 --disable-bam-index-caching false --sites-only-vcf-output false --help false --version false --showHidden false --QUIET false --use-jdk-deflater false --use-jdk-inflater false --gcs-max-retries 20 --gcs-project-for-requester-pays  --disable-tool-default-read-filters false --disable-tool-default-annotations false --enable-all-annotations false",Version="4.1.2.0",Date="November 18, 2019 11:27:09 AM EST">
##GATKCommandLine=<ID=HaplotypeCaller,CommandLine="HaplotypeCaller  --dbsnp /home/mk446/BiO/Install/GATK-bundle/dbsnp_147_b37_common_all_20160601.vcf --emit-ref-confidence GVCF --output /home/mk446/bio/pipeline/JC50/GVCF/1_9874305_HG002.gvcf.gz --intervals 1:9874205-9874405 --input /home/mk446/BiO/Data/AshkenazimTrio/b37/HG002.hs37d5.60x/BAM/HG002.hs37d5.60x.1.addrg.bam --reference /home/mk446/BiO/Install/GATK-bundle/2.8/b37/human_g1k_v37_decoy.fasta --verbosity INFO  --use-new-qual-calculator true --use-old-qual-calculator false --annotate-with-num-discovered-alleles false --heterozygosity 0.001 --indel-heterozygosity 1.25E-4 --heterozygosity-stdev 0.01 --standard-min-confidence-threshold-for-calling 30.0 --max-alternate-alleles 6 --max-genotype-count 1024 --sample-ploidy 2 --num-reference-samples-if-no-call 0 --genotyping-mode DISCOVERY --genotype-filtered-alleles false --contamination-fraction-to-filter 0.0 --output-mode EMIT_VARIANTS_ONLY --all-site-pls false --gvcf-gq-bands 1 --gvcf-gq-bands 2 --gvcf-gq-bands 3 --gvcf-gq-bands 4 --gvcf-gq-bands 5 --gvcf-gq-bands 6 --gvcf-gq-bands 7 --gvcf-gq-bands 8 --gvcf-gq-bands 9 --gvcf-gq-bands 10 --gvcf-gq-bands 11 --gvcf-gq-bands 12 --gvcf-gq-bands 13 --gvcf-gq-bands 14 --gvcf-gq-bands 15 --gvcf-gq-bands 16 --gvcf-gq-bands 17 --gvcf-gq-bands 18 --gvcf-gq-bands 19 --gvcf-gq-bands 20 --gvcf-gq-bands 21 --gvcf-gq-bands 22 --gvcf-gq-bands 23 --gvcf-gq-bands 24 --gvcf-gq-bands 25 --gvcf-gq-bands 26 --gvcf-gq-bands 27 --gvcf-gq-bands 28 --gvcf-gq-bands 29 --gvcf-gq-bands 30 --gvcf-gq-bands 31 --gvcf-gq-bands 32 --gvcf-gq-bands 33 --gvcf-gq-bands 34 --gvcf-gq-bands 35 --gvcf-gq-bands 36 --gvcf-gq-bands 37 --gvcf-gq-bands 38 --gvcf-gq-bands 39 --gvcf-gq-bands 40 --gvcf-gq-bands 41 --gvcf-gq-bands 42 --gvcf-gq-bands 43 --gvcf-gq-bands 44 --gvcf-gq-bands 45 --gvcf-gq-bands 46 --gvcf-gq-bands 47 --gvcf-gq-bands 48 --gvcf-gq-bands 49 --gvcf-gq-bands 50 --gvcf-gq-bands 51 --gvcf-gq-bands 52 --gvcf-gq-bands 53 --gvcf-gq-bands 54 --gvcf-gq-bands 55 --gvcf-gq-bands 56 --gvcf-gq-bands 57 --gvcf-gq-bands 58 --gvcf-gq-bands 59 --gvcf-gq-bands 60 --gvcf-gq-bands 70 --gvcf-gq-bands 80 --gvcf-gq-bands 90 --gvcf-gq-bands 99 --indel-size-to-eliminate-in-ref-model 10 --use-alleles-trigger false --disable-optimizations false --just-determine-active-regions false --dont-genotype false --do-not-run-physical-phasing false --use-filtered-reads-for-annotations false --correct-overlapping-quality false --adaptive-pruning false --do-not-recover-dangling-branches false --recover-dangling-heads false --consensus false --dont-trim-active-regions false --max-disc-ar-extension 25 --max-gga-ar-extension 300 --padding-around-indels 150 --padding-around-snps 20 --kmer-size 10 --kmer-size 25 --dont-increase-kmer-sizes-for-cycles false --allow-non-unique-kmers-in-ref false --num-pruning-samples 1 --min-dangling-branch-length 4 --recover-all-dangling-branches false --max-num-haplotypes-in-population 128 --min-pruning 2 --adaptive-pruning-initial-error-rate 0.001 --pruning-lod-threshold 2.302585092994046 --max-unpruned-variants 100 --debug-assembly false --debug-graph-transformations false --capture-assembly-failure-bam false --error-correct-reads false --kmer-length-for-read-error-correction 25 --min-observations-for-kmer-to-be-solid 20 --likelihood-calculation-engine PairHMM --base-quality-score-threshold 18 --pair-hmm-gap-continuation-penalty 10 --pair-hmm-implementation FASTEST_AVAILABLE --pcr-indel-model CONSERVATIVE --phred-scaled-global-read-mismapping-rate 45 --native-pair-hmm-threads 4 --native-pair-hmm-use-double-precision false --bam-writer-type CALLED_HAPLOTYPES --dont-use-soft-clipped-bases false --min-base-quality-score 10 --smith-waterman JAVA --max-mnp-distance 0 --min-assembly-region-size 50 --max-assembly-region-size 300 --assembly-region-padding 100 --max-reads-per-alignment-start 50 --active-probability-threshold 0.002 --max-prob-propagation-distance 50 --force-active false --interval-set-rule UNION --interval-padding 0 --interval-exclusion-padding 0 --interval-merging-rule ALL --read-validation-stringency SILENT --seconds-between-progress-updates 10.0 --disable-sequence-dictionary-validation false --create-output-bam-index true --create-output-bam-md5 false --create-output-variant-index true --create-output-variant-md5 false --lenient false --add-output-sam-program-record true --add-output-vcf-command-line true --cloud-prefetch-buffer 40 --cloud-index-prefetch-buffer -1 --disable-bam-index-caching false --sites-only-vcf-output false --help false --version false --showHidden false --QUIET false --use-jdk-deflater false --use-jdk-inflater false --gcs-max-retries 20 --gcs-project-for-requester-pays  --disable-tool-default-read-filters false --minimum-mapping-quality 20 --disable-tool-default-annotations false --enable-all-annotations false",Version="4.1.2.0",Date="November 18, 2019 11:18:23 AM EST">
##INFO=<ID=novoCaller,Number=2,Type=Float,Description="Statistics from novoCaller. Format:'Post_prob|AF_unrel'">
##INFO=<ID=AC,Number=A,Type=Integer,Description="Allele count in genotypes, for each ALT allele, in the same order as listed">
##INFO=<ID=AF,Number=A,Type=Float,Description="Allele Frequency, for each ALT allele, in the same order as listed">
##INFO=<ID=AN,Number=1,Type=Integer,Description="Total number of alleles in called genotypes">
##INFO=<ID=BaseQRankSum,Number=1,Type=Float,Description="Z-score from Wilcoxon rank sum test of Alt Vs. Ref base qualities">
##INFO=<ID=DB,Number=0,Type=Flag,Description="dbSNP Membership">
##INFO=<ID=DP,Number=1,Type=Integer,Description="Approximate read depth; some reads may have been filtered">
##INFO=<ID=DS,Number=0,Type=Flag,Description="Were any of the samples downsampled?">
##INFO=<ID=END,Number=1,Type=Integer,Description="Stop position of the interval">
##INFO=<ID=ExcessHet,Number=1,Type=Float,Description="Phred-scaled p-value for exact test of excess heterozygosity">
##INFO=<ID=FS,Number=1,Type=Float,Description="Phred-scaled p-value using Fisher's exact test to detect strand bias">
##INFO=<ID=InbreedingCoeff,Number=1,Type=Float,Description="Inbreeding coefficient as estimated from the genotype likelihoods per-sample when compared against the Hardy-Weinberg expectation">
##INFO=<ID=MLEAC,Number=A,Type=Integer,Description="Maximum likelihood expectation (MLE) for the allele counts (not necessarily the same as the AC), for each ALT allele, in the same order as listed">
##INFO=<ID=MLEAF,Number=A,Type=Float,Description="Maximum likelihood expectation (MLE) for the allele frequency (not necessarily the same as the AF), for each ALT allele, in the same order as listed">
##INFO=<ID=MQ,Number=1,Type=Float,Description="RMS Mapping Quality">
##INFO=<ID=MQRankSum,Number=1,Type=Float,Description="Z-score From Wilcoxon rank sum test of Alt vs. Ref read mapping qualities">
##INFO=<ID=QD,Number=1,Type=Float,Description="Variant Confidence/Quality by Depth">
##INFO=<ID=RAW_MQandDP,Number=2,Type=Integer,Description="Raw data (sum of squared MQ and total depth) for improved RMS Mapping Quality calculation. Incompatible with deprecated RAW_MQ formulation.">
##INFO=<ID=ReadPosRankSum,Number=1,Type=Float,Description="Z-score from Wilcoxon rank sum test of Alt vs. Ref read position bias">
##INFO=<ID=SOR,Number=1,Type=Float,Description="Symmetric Odds Ratio of 2x2 contingency table to detect strand bias">
##source=CombineGVCFs
##source=GenotypeGVCFs
##source=HaplotypeCaller
##MUTANNO=<ID=MUTANNO,Version="0.2",Date="10/29/2019",DataVersion="0.2",DataDate="10/29/2019">
##MUTANNO=<ID=novoAF,Version="2.1.1",Date="03/06/2019">
##INFO=<ID=novoAF,Number=.,Type=String,Description="population AF by gnomAD. Format:'AF' ">
#CHROM	POS	ID	REF	ALT	QUAL	FILTER	INFO	FORMAT	HG002	HG003	HG004	PSC-01-003	PSC-01-011	PSC-01-017	PSC-01-019	PSC-01-024	PSC-01-026	PSC-01-028	PSC-01-033	PSC-01-035	PSC-01-036	PSC-01-052	PSC-01-066	PSC-01-070	PSC-01-088	PSC-01-092	PSC-01-094	PSC-01-106	PSC-01-116	PSC-01-119	PSC-01-120	PSC-01-125	PSC-01-132	PSC-01-133	PSC-01-134	PSC-01-137	PSC-01-141	PSC-01-147	PSC-01-164	PSC-01-165	PSC-01-170	PSC-01-171	PSC-01-172	PSC-01-173	PSC-01-177	PSC-01-181	PSC-01-190	PSC-01-191	PSC-01-193	PSC-01-195	PSC-01-196	PSC-01-197	PSC-01-204	PSC-01-207	PSC-01-208	PSC-01-211	PSC-01-213	PSC-01-223
1	168455916	.	C	T	927.64	PASS	AC=1;AF=0.010;AN=100;BaseQRankSum=0.219;DP=1871;ExcessHet=3.0103;FS=0.000;InbreedingCoeff=-0.0101;MLEAC=1;MLEAF=0.010;MQ=70.00;MQRankSum=0.00;QD=12.71;ReadPosRankSum=0.738;SOR=0.788;novoAF=0.0;novoCaller=1.0|3.435862046144614e-11;	GT:AD:DP:GQ:PL:RSTR	0/1:45,28:73:99:945,0,1606:24,14,21,12	0/0:63,0:63:99:0,120,1800:34,0,38,0	0/0:66,0:66:99:0,120,1800:46,0,42,0	0/0:35,0:35:99:0,99,1485:17,0,18,0	0/0:34,0:34:99:0,99,1485:18,0,15,0	0/0:42,0:42:99:0,108,1294:21,0,19,0	0/0:37,0:37:99:0,100,1173:27,0,15,0	0/0:37,0:37:99:0,101,1166:21,0,12,0	0/0:32,0:32:90:0,90,1350:15,0,16,0	0/0:34,0:34:87:0,87,1051:16,0,16,0	0/0:30,0:30:84:0,84,1260:19,0,12,0	0/0:37,0:37:99:0,99,1145:21,0,16,0	0/0:30,0:30:84:0,84,1260:17,0,16,0	0/0:28,0:28:71:0,71,891:11,0,15,1	0/0:28,0:28:81:0,81,828:12,0,11,0	0/0:32,0:32:93:0,93,1395:14,0,18,0	0/0:35,0:35:99:0,102,1197:23,0,16,0	0/0:44,0:44:99:0,112,1559:24,0,19,0	0/0:37,0:37:99:0,99,1321:23,0,22,0	0/0:31,0:31:90:0,90,1058:15,0,17,0	0/0:36,0:36:99:0,99,1227:15,0,29,0	0/0:33,0:33:99:0,99,1141:16,0,21,0	0/0:38,0:38:99:0,101,1269:24,0,19,0	0/0:39,0:39:99:0,102,1219:25,0,14,0	0/0:36,0:36:90:0,90,1350:16,0,20,0	0/0:37,0:37:99:0,106,1242:27,0,17,0	0/0:40,0:40:99:0,109,1362:26,0,17,0	0/0:26,0:26:72:0,72,1080:15,0,15,0	0/0:42,0:42:99:0,103,1446:24,0,28,0	0/0:37,0:37:99:0,99,1485:21,0,14,0	0/0:34,0:34:99:0,99,1119:17,0,16,0	0/0:36,0:36:99:0,100,1102:26,0,20,0	0/0:31,0:31:93:0,93,1008:16,0,15,0	0/0:39,0:39:99:0,99,1124:21,0,18,0	0/0:37,0:37:99:0,99,1300:23,0,19,0	0/0:42,0:42:99:0,100,1297:29,0,20,0	0/0:32,0:32:90:0,90,1146:22,0,12,0	0/0:34,0:34:99:0,99,1149:18,0,17,0	0/0:27,0:27:78:0,78,1170:15,0,12,0	0/0:33,0:33:90:0,90,1350:19,0,16,0	0/0:38,0:38:99:0,103,1289:16,0,24,0	0/0:42,0:42:92:0,92,1306:21,0,21,0	0/0:39,0:39:99:0,103,1312:18,0,23,0	0/0:39,0:39:99:0,109,1240:19,0,22,0	0/0:35,0:35:90:0,90,1350:15,0,17,0	0/0:29,0:29:81:0,81,1215:17,0,9,0	0/0:38,0:38:99:0,102,1530:20,0,15,0	0/0:41,0:41:99:0,100,1290:24,0,24,0	0/0:40,0:40:92:0,92,1191:24,0,11,0	0/0:36,0:36:99:0,102,1196:16,0,26,0
2	27100779	.	T	C	1582.64	PASS	AC=1;AF=0.010;AN=100;BaseQRankSum=-6.330e-01;DP=1871;ExcessHet=3.0103;FS=17.093;InbreedingCoeff=-0.0101;MLEAC=1;MLEAF=0.010;MQ=70.00;MQRankSum=0.00;QD=17.58;ReadPosRankSum=1.56;SOR=1.383;novoAF=3.18451e-05;novoCaller=1.0|4.029263356067079e-13;	GT:AD:DP:GQ:PL:RSTR	0/1:43,47:90:99:1600,0,1448:26,15,15,28	0/0:50,0:50:99:0,120,1800:41,0,40,0	0/0:67,0:67:99:0,120,1800:37,0,31,0	0/0:36,0:36:99:0,99,1238:21,0,20,0	0/0:38,0:38:99:0,111,1665:28,0,9,0	0/0:37,0:37:99:0,99,1235:14,0,23,0	0/0:33,0:33:90:0,90,1187:22,0,14,0	0/0:36,0:36:99:0,105,1575:13,0,24,0	0/0:31,0:31:90:0,90,1019:17,0,15,0	0/0:31,0:31:90:0,90,1047:15,0,21,0	0/0:33,0:33:90:0,90,1350:18,0,13,0	0/0:35,0:35:99:0,99,1151:18,0,16,0	0/0:35,0:35:99:0,99,1140:25,0,12,0	0/0:33,0:33:90:0,90,1350:17,0,16,0	0/0:38,0:38:99:0,100,1249:22,0,21,0	0/0:29,0:29:84:0,84,1260:17,0,13,0	0/0:33,0:33:90:0,90,1350:16,0,17,0	0/0:27,0:27:81:0,81,848:16,0,10,0	0/0:37,0:37:99:0,100,1214:22,0,18,0	0/0:36,0:36:99:0,103,1173:18,0,20,0	0/0:44,0:44:99:0,117,1610:26,0,22,0	0/0:38,0:38:99:0,110,1266:28,0,21,0	0/0:38,0:38:99:0,99,1260:15,0,25,0	0/0:42,0:42:99:0,100,1241:24,0,25,0	0/0:39,0:39:99:0,102,1295:18,0,23,0	0/0:30,0:30:81:0,81,1215:12,0,17,0	0/0:37,0:37:99:0,99,1130:17,0,20,0	0/0:34,0:34:99:0,99,1124:12,0,22,0	0/0:46,0:46:99:0,99,1547:31,0,21,0	0/0:34,0:34:87:0,87,1111:18,0,15,0	0/0:36,0:36:99:0,108,1223:20,0,15,0	0/0:36,0:36:99:0,99,1203:25,0,14,0	0/0:32,0:32:90:0,90,1092:16,0,15,0	0/0:34,0:34:99:0,99,1152:20,0,16,0	0/0:37,0:37:99:0,99,1238:20,0,19,0	0/0:37,0:37:99:0,99,1254:20,0,20,0	0/0:39,0:39:99:0,103,1236:20,0,19,0	0/0:34,0:34:93:0,93,1088:15,0,15,0	0/0:32,0:32:90:0,90,1350:13,0,19,0	0/0:29,0:29:84:0,84,1260:14,0,13,0	0/0:40,0:40:99:0,104,1241:23,0,18,0	0/0:36,0:36:99:0,102,1530:18,0,16,0	0/0:38,0:38:99:0,102,1266:21,0,22,0	0/0:33,0:33:99:0,99,1092:16,0,18,0	0/0:29,0:29:78:0,78,1170:18,0,9,0	0/0:41,0:41:99:0,110,1295:23,0,18,0	0/0:37,0:37:99:0,100,1150:20,0,14,0	0/0:37,0:37:99:0,101,1114:16,0,22,0	0/0:33,0:33:99:0,99,1059:20,0,11,0	0/0:34,0:34:99:0,99,1150:16,0,22,0
1	66434150	.	T	C	1279.64	PASS	AC=1;AF=0.010;AN=100;BaseQRankSum=2.51;DP=1812;ExcessHet=3.0103;FS=3.005;InbreedingCoeff=-0.0101;MLEAC=1;MLEAF=0.010;MQ=70.00;MQRankSum=0.00;QD=16.20;ReadPosRankSum=-7.950e-01;SOR=1.009;novoAF=0.0;novoCaller=0.9999999999999998|2.3782900028153177e-11;	GT:AD:DP:GQ:PL:RSTR	0/1:41,38:79:99:1297,0,1309:20,22,20,13	0/0:63,0:63:99:0,120,1800:30,0,37,0	0/0:78,0:78:99:0,120,1800:34,0,37,0	0/0:41,0:41:99:0,106,1456:25,0,21,0	0/0:34,0:34:90:0,90,1114:17,0,16,0	0/0:29,0:29:76:0,76,897:12,0,16,0	0/0:24,0:24:64:0,64,786:10,0,12,0	0/0:25,0:25:72:0,72,805:11,0,14,0	0/0:40,0:40:99:0,105,1181:18,0,16,0	0/0:35,0:35:99:0,99,1485:19,0,14,0	0/0:24,0:24:43:0,43,658:11,0,9,0	0/0:41,0:41:99:0,107,1319:16,0,24,0	0/0:35,0:35:99:0,99,1131:18,0,17,0	0/0:35,0:35:99:0,99,1485:13,0,18,0	0/0:38,0:38:99:0,99,1220:14,0,23,0	0/0:32,0:32:90:0,90,1350:11,0,19,0	0/0:29,0:29:78:0,78,1170:20,0,6,0	0/0:20,0:20:60:0,60,648:11,0,10,0	0/0:46,0:46:99:0,107,1572:26,0,27,0	0/0:35,0:35:99:0,99,1485:17,0,20,0	0/0:35,0:35:93:0,93,1149:20,0,19,0	0/0:39,0:39:99:0,103,1244:17,0,26,0	0/0:34,0:34:93:0,93,1395:13,0,20,0	0/0:38,0:38:99:0,106,1290:33,0,13,0	0/0:39,0:39:99:0,101,1272:15,0,27,0	0/0:35,0:35:73:0,73,1058:15,0,18,0	0/0:36,0:36:82:0,82,1105:16,0,18,0	0/0:35,0:35:96:0,96,1440:18,0,15,0	0/0:34,0:34:90:0,90,1350:17,0,17,0	0/0:26,0:26:78:0,78,863:8,0,16,0	0/0:26,0:26:72:0,72,1080:15,0,11,0	0/0:44,0:44:99:0,110,1600:29,0,21,0	0/0:33,0:33:70:0,70,1021:14,1,17,0	0/0:36,0:36:99:0,99,1485:18,0,14,0	0/0:25,0:25:70:0,70,794:9,0,14,0	0/0:37,0:37:99:0,100,1152:17,0,22,0	0/0:37,0:37:96:0,96,1440:19,0,17,0	0/0:28,0:28:70:0,70,849:12,0,18,0	0/0:38,0:38:99:0,101,1175:21,0,17,0	0/0:31,0:31:78:0,78,1170:15,0,15,0	0/0:43,0:43:99:0,107,1317:22,0,24,0	0/0:36,0:36:99:0,102,1249:16,0,18,0	0/0:37,0:37:99:0,102,1173:24,0,9,0	0/0:32,0:32:90:0,90,1350:15,0,14,0	0/0:34,0:34:99:0,102,1132:22,0,16,0	0/0:23,0:23:61:0,61,751:9,0,14,0	0/0:36,0:36:99:0,99,1485:19,0,16,0	0/0:37,0:37:99:0,101,1180:17,0,17,0	0/0:22,0:22:60:0,60,900:15,0,8,0	0/0:43,0:43:99:0,104,1369:24,0,23,0
1	35849465	.	G	A	936.64	PASS	AC=1;AF=0.010;AN=100;BaseQRankSum=0.954;DP=1747;ExcessHet=3.0103;FS=0.000;InbreedingCoeff=-0.0101;MLEAC=1;MLEAF=0.010;MQ=70.00;MQRankSum=0.00;QD=16.43;ReadPosRankSum=1.08;SOR=0.650;novoAF=0.0;novoCaller=0.9999999999999887|1.0838745645131626e-11;	GT:AD:DP:GQ:PL:RSTR	0/1:30,27:57:99:954,0,984:15,13,14,11	0/0:52,0:52:99:0,120,1800:34,0,33,0	0/0:61,0:61:99:0,120,1800:25,0,36,0	0/0:39,0:39:99:0,105,1245:17,0,21,0	0/0:35,0:35:99:0,99,1175:21,0,12,0	0/0:30,0:30:81:0,81,1215:13,0,16,0	0/0:34,0:34:99:0,99,1048:21,0,11,0	0/0:38,0:38:99:0,101,1139:15,0,19,0	0/0:34,0:34:99:0,102,1085:20,0,12,0	0/0:29,0:29:84:0,84,969:13,0,17,0	0/0:22,0:22:63:0,63,737:16,0,8,0	0/0:38,0:38:99:0,105,1260:22,0,23,0	0/0:24,0:24:60:0,60,723:9,0,12,0	0/0:37,0:37:99:0,99,1250:19,0,18,0	0/0:37,0:37:99:0,100,1216:18,0,21,0	0/0:35,0:35:99:0,105,1163:15,0,22,0	0/0:44,0:44:99:0,99,1340:21,0,20,0	0/0:24,0:24:72:0,72,745:11,0,12,0	0/0:41,0:41:99:0,104,1276:27,0,24,0	0/0:31,0:31:90:0,90,1036:20,0,14,0	0/0:29,0:29:81:0,81,933:17,0,12,0	0/0:46,0:46:99:0,110,1493:20,0,24,0	0/0:35,0:35:99:0,99,1332:24,0,16,0	0/0:35,0:35:99:0,99,1485:18,0,15,0	0/0:35,0:35:99:0,99,1485:17,0,17,0	0/0:31,0:31:90:0,90,1066:14,0,17,0	0/0:35,0:35:90:0,90,1072:12,0,20,0	0/0:25,0:25:72:0,72,1080:9,0,16,0	0/0:41,0:41:99:0,101,1370:17,0,27,0	0/0:28,0:28:81:0,81,1215:13,0,12,0	0/0:23,0:23:63:0,63,856:10,0,12,0	0/0:37,0:37:99:0,102,1247:19,0,22,0	0/0:36,0:36:90:0,90,1350:21,0,15,0	0/0:27,0:27:81:0,81,881:15,0,12,0	0/0:31,0:31:90:0,90,1028:19,0,14,0	0/0:36,0:36:99:0,105,1575:20,0,19,0	0/0:40,0:40:99:0,117,1320:20,0,20,0	0/0:32,0:32:90:0,90,1350:23,0,10,0	0/0:36,0:36:99:0,99,1209:11,0,23,0	0/0:36,0:36:99:0,99,1133:21,0,13,0	0/0:39,0:39:99:0,101,1179:21,0,16,0	0/0:25,0:25:72:0,72,824:6,0,18,0	0/0:32,0:32:90:0,90,1350:12,0,18,0	0/0:33,0:33:90:0,90,1350:16,0,16,0	0/0:34,0:34:85:0,85,1008:17,0,12,0	0/0:30,0:30:75:0,75,943:17,0,12,0	0/0:32,0:32:93:0,93,1395:18,0,11,0	0/0:30,0:30:78:0,78,1170:16,0,12,0	0/0:34,0:34:90:0,90,1350:17,0,16,0	0/0:42,0:42:99:0,99,1334:16,0,26,0
1	26860231	.	A	T	1082.64	PASS	AC=1;AF=0.010;AN=100;BaseQRankSum=1.09;DP=1588;ExcessHet=3.0103;FS=0.985;InbreedingCoeff=-0.0101;MLEAC=1;MLEAF=0.010;MQ=70.00;MQRankSum=0.00;QD=18.35;ReadPosRankSum=-1.378e+00;SOR=0.853;novoAF=0.0;novoCaller=0.9999999999983771|9.320752152724361e-11;	GT:AD:DP:GQ:PL:RSTR	0/1:27,32:59:99:1100,0,844:15,19,10,12	0/0:49,0:49:99:0,120,1800:22,0,32,0	0/0:49,0:49:99:0,120,1800:25,0,35,0	0/0:34,0:34:90:0,90,1350:15,0,19,0	0/0:33,0:33:99:0,99,1080:18,0,17,0	0/0:37,0:37:99:0,105,1575:24,0,11,0	0/0:30,0:30:81:0,81,999:21,0,11,0	0/0:30,0:30:70:0,70,939:20,0,8,0	0/0:31,0:31:90:0,90,1010:16,0,17,0	0/0:33,0:33:99:0,99,1036:23,0,8,0	0/0:24,0:24:71:0,71,692:11,0,7,0	0/0:35,0:35:93:0,93,1395:20,0,15,0	0/0:20,0:20:60:0,60,648:15,0,7,0	0/0:36,0:36:99:0,99,1206:20,0,19,0	0/0:32,0:32:85:0,85,1021:16,0,11,0	0/0:32,0:32:85:0,85,1035:19,0,12,0	0/0:30,0:30:90:0,90,979:16,0,15,0	0/0:41,0:41:99:0,114,1710:20,0,10,0	0/0:34,0:34:99:0,99,1176:29,0,10,0	0/0:19,0:19:57:0,57,578:14,0,5,0	0/0:36,0:36:99:0,105,1284:27,0,15,0	0/0:40,0:40:99:0,99,1347:27,0,12,0	0/0:20,0:20:51:0,51,765:10,0,10,0	0/0:27,0:27:75:0,75,1125:14,0,12,0	0/0:30,0:30:72:0,72,958:18,0,11,1	0/0:24,0:24:72:0,72,751:10,0,14,0	0/0:26,0:26:62:0,62,728:15,0,9,0	0/0:27,0:27:70:0,70,811:18,0,6,0	0/0:31,0:31:90:0,90,1350:21,0,12,0	0/0:26,0:26:72:0,72,1080:13,0,12,0	0/0:28,0:28:78:0,78,1170:15,0,13,0	0/0:37,0:37:99:0,100,1089:25,0,16,0	0/0:31,0:31:60:0,60,910:17,0,10,1	0/0:37,0:37:99:0,100,1202:28,0,15,0	0/0:31,0:31:90:0,90,1350:18,0,11,0	0/0:33,0:33:88:0,88,1069:14,0,18,0	0/0:32,0:32:90:0,90,1036:17,0,14,0	0/0:34,0:34:99:0,99,1485:16,0,17,0	0/0:25,0:25:75:0,75,816:19,0,10,0	0/0:27,0:27:65:0,65,859:17,0,9,0	0/0:29,0:29:84:0,84,1260:15,0,15,0	0/0:26,0:26:72:0,72,1080:14,0,10,0	0/0:37,0:37:99:0,99,1278:20,0,20,0	0/0:25,0:25:72:0,72,821:18,0,9,0	0/0:23,0:23:48:0,48,720:12,0,9,0	0/0:38,0:38:99:0,105,1267:19,0,19,0	0/0:31,0:31:87:0,87,1305:15,0,14,0	0/0:28,0:28:84:0,84,936:14,0,15,0	0/0:23,0:23:63:0,63,720:12,0,12,0	0/0:38,0:38:99:0,111,1308:18,0,22,0
1	23535069	.	G	GA	606.70	VQSRTrancheINDEL99.00to99.90	AC=1;AF=0.010;AN=100;BaseQRankSum=-1.318e+00;DP=1775;ExcessHet=3.8753;FS=14.866;InbreedingCoeff=-0.0466;MLEAC=1;MLEAF=0.010;MQ=68.30;MQRankSum=0.00;QD=9.95;ReadPosRankSum=1.29;SOR=0.723;novoAF=3.46380e-04;novoCaller=0.9999999996452804|8.070380942446182e-10;	GT:AD:DP:GQ:PL:RSTR	0/1:33,28:61:99:608,0,735:28,12,12,13	0/0:42,0:42:99:0,104,1458:24,0,23,0	0/0:66,0:66:99:0,120,1800:41,0,32,0	0/0:49,0:49:39:0,39,1214:18,0,21,0	0/0:36,0:36:87:0,87,1082:21,0,13,0	0/0:36,0:36:99:0,99,1091:14,0,20,0	0/0:36,0:36:0:0,0,754:17,1,9,0	0/0:32,0:32:29:0,29,764:16,0,8,0	0/0:27,0:27:63:0,63,796:11,0,14,0	0/0:30,0:30:58:0,58,851:15,0,12,0	0/0:12,0:15:36:0,36,378:8,0,7,0	0/0:40,0:40:21:0,21,991:18,0,15,0	0/0:30,0:30:40:0,40,751:14,0,9,0	0/0:21,0:21:13:0,13,483:11,0,6,0	0/0:34,0:34:87:0,87,984:11,0,20,0	0/0:41,0:41:71:0,71,1113:17,0,19,0	0/0:31,0:31:0:0,0,691:16,0,9,0	0/0:35,0:35:0:0,0,702:17,0,10,0	0/0:37,0:37:99:0,105,1126:20,0,17,0	0/0:27,0:27:57:0,57,745:10,0,12,0	0/0:45,0:45:56:0,56,1117:22,0,12,0	0/0:40,0:40:18:0,18,1045:18,0,16,0	0/0:24,0:24:42:0,42,632:8,0,12,0	0/0:31,0:31:15:0,15,680:10,0,13,0	0/0:35,0:35:99:0,102,1042:21,0,12,0	0/0:30,0:30:33:0,33,789:16,0,9,0	0/0:32,0:32:45:0,45,760:15,0,8,0	0/0:37,0:37:99:0,99,1221:16,0,16,0	0/0:49,0:49:64:0,64,1227:16,0,20,1	0/0:38,0:38:0:0,0,797:15,0,13,0	0/0:41,0:41:95:0,95,1125:19,0,14,0	0/0:33,0:33:68:0,68,858:10,0,16,0	0/0:36,0:36:77:0,77,1041:17,0,16,0	0/0:32,0:32:46:0,46,890:19,0,9,0	0/0:39,0:39:0:0,0,901:15,0,13,0	0/0:38,0:38:13:0,13,869:18,0,11,0	0/0:40,0:40:49:0,49,1025:17,1,15,0	0/0:28,0:28:5:0,5,637:9,0,12,0	0/0:32,0:32:57:0,57,906:15,0,12,0	0/0:36,0:36:0:0,0,762:17,1,10,0	0/0:30,0:30:35:0,35,721:12,0,10,0	0/0:33,0:33:29:0,29,734:15,0,7,0	0/0:32,0:32:43:0,43,865:16,0,13,0	0/0:33,0:33:67:0,67,903:16,0,11,0	0/0:38,0:38:21:0,21,886:21,0,7,0	0/0:30,0:30:80:0,80,869:13,0,13,0	0/0:26,0:26:25:0,25,647:16,0,5,0	0/0:31,0:31:14:0,14,716:10,0,14,0	0/0:29,0:29:49:0,49,731:13,0,11,0	0/0:44,0:44:23:0,23,1046:20,0,12,0
1	15752321	.	TCTGA	T	857.64	VQSRTrancheINDEL99.00to99.90	AC=1;AF=0.010;AN=100;BaseQRankSum=-2.065e+00;DP=1550;ExcessHet=3.0103;FS=13.462;InbreedingCoeff=-0.0101;MLEAC=1;MLEAF=0.010;MQ=70.00;MQRankSum=0.00;QD=17.87;ReadPosRankSum=1.64;SOR=1.981;novoAF=9.56206e-05;novoCaller=0.9999999982844476|3.2826008529408336e-10;	GT:AD:DP:GQ:PL:RSTR	0/1:25,23:48:99:875,0,1423:14,15,15,5	0/0:36,0:36:99:0,99,1384:16,0,28,0	0/0:50,0:50:99:0,120,1800:37,0,30,0	0/0:34,0:34:99:0,99,1141:14,0,21,0	0/0:29,0:29:75:0,75,1125:13,0,18,0	0/0:29,0:29:76:0,76,896:11,0,15,0	0/0:28,0:28:65:0,65,851:11,0,14,0	0/0:34,0:34:99:0,102,1049:13,0,21,0	0/0:18,0:18:54:0,54,606:10,0,9,0	0/0:30,0:30:81:0,81,1215:14,0,18,0	0/0:18,0:18:54:0,54,581:11,0,7,0	0/0:37,0:37:99:0,99,1160:13,0,24,0	0/0:27,0:27:75:0,75,1125:16,0,9,0	0/0:25,0:25:72:0,72,1080:10,0,15,0	0/0:36,0:36:99:0,100,1171:17,0,19,0	0/0:35,0:35:96:0,96,1440:11,0,23,0	0/0:32,0:32:90:0,90,1350:12,0,17,0	0/0:32,0:32:90:0,90,1059:13,0,16,0	0/0:30,0:30:81:0,81,1215:15,0,15,0	0/0:25,0:25:72:0,72,832:13,0,12,0	0/0:34,0:34:99:0,99,1111:19,0,19,0	0/0:35,0:35:99:0,99,1485:13,0,26,0	0/0:29,0:29:81:0,81,1215:16,0,14,0	0/0:32,0:32:83:0,83,1033:17,0,15,0	0/0:30,0:30:87:0,87,1305:19,0,10,0	0/0:27,0:27:81:0,81,859:15,0,14,0	0/0:24,0:24:72:0,72,778:11,0,12,0	0/0:31,0:31:84:0,84,1260:10,0,20,0	0/0:33,0:33:99:0,99,1109:23,0,20,0	0/0:42,0:42:99:0,105,1193:22,0,20,0	0/0:20,0:20:57:0,57,855:12,0,8,0	0/0:34,0:34:90:0,90,1124:15,0,22,0	0/0:16,0:16:48:0,48,526:9,0,7,0	0/0:31,0:31:87:0,87,1305:17,0,15,0	0/0:27,0:27:81:0,81,923:15,0,12,0	0/0:35,0:35:99:0,102,1179:18,0,20,0	0/0:36,0:36:94:0,94,1149:18,0,16,0	0/0:31,0:31:90:0,90,1350:18,0,13,0	0/0:35,0:35:99:0,99,1115:12,0,23,0	0/0:31,0:31:90:0,90,1049:16,0,15,0	0/0:18,0:18:54:0,54,606:11,0,7,0	0/0:36,0:36:99:0,102,1530:19,0,17,0	0/0:35,0:35:99:0,99,1171:25,0,19,0	0/0:31,0:31:90:0,90,1050:11,0,19,0	0/0:27,0:27:81:0,81,864:20,0,8,0	0/0:30,0:30:90:0,90,949:12,0,17,0	0/0:20,0:20:60:0,60,691:14,0,7,0	0/0:33,0:33:90:0,90,1350:15,0,19,0	0/0:34,0:34:99:0,99,1160:20,0,21,0	0/0:39,0:39:99:0,105,1282:22,0,22,0
1	6268385	.	A	AT	493.68	PASS	AC=1;AF=0.010;AN=100;BaseQRankSum=-3.840e-01;DP=1501;ExcessHet=3.0103;FS=2.415;InbreedingCoeff=-0.0102;MLEAC=1;MLEAF=0.010;MQ=70.00;MQRankSum=0.00;QD=10.29;ReadPosRankSum=-7.640e-01;SOR=0.416;novoAF=3.02251e-03;novoCaller=0.9999998212095536|7.425869398668631e-08;	GT:AD:DP:GQ:PL:RSTR	0/1:23,25:48:99:511,0,460:10,11,18,11	0/0:36,0:36:99:0,102,1530:19,0,21,0	0/0:44,0:44:99:0,105,1686:19,0,32,0	0/0:27,0:27:75:0,75,1125:13,0,18,0	0/0:28,0:28:73:0,73,868:12,0,15,0	0/0:29,0:29:72:0,72,1080:17,0,17,0	0/0:20,0:20:46:0,46,608:8,0,11,0	0/0:19,0:19:46:0,46,586:9,0,9,0	0/0:24,0:24:60:0,60,748:7,0,14,0	0/0:27,0:27:68:0,68,877:12,0,14,0	0/0:15,0:15:19:0,19,346:6,0,4,0	0/0:35,0:35:84:0,84,1260:16,0,17,0	0/0:28,0:28:71:0,71,904:14,0,14,0	0/0:24,0:24:57:0,57,676:11,0,8,0	0/0:28,0:28:81:0,81,1215:13,0,13,0	0/0:28,0:28:84:0,84,969:17,0,12,0	0/0:29,0:29:81:0,81,1215:14,0,14,0	0/0:36,0:36:99:0,99,1070:16,0,14,0	0/0:33,0:33:81:0,81,1215:13,0,18,0	0/0:21,0:21:60:0,60,900:16,0,3,0	0/0:27,0:27:70:0,70,808:8,0,16,0	0/0:35,0:35:99:0,105,1109:18,0,15,0	0/0:27,0:27:66:0,66,990:10,0,14,0	0/0:21,0:21:63:0,63,714:15,0,9,0	0/0:37,0:37:99:0,99,1145:19,0,14,0	0/0:25,0:25:66:0,66,990:13,0,11,0	0/0:32,0:32:90:0,90,994:18,0,18,0	0/0:30,0:30:87:0,87,1305:16,0,12,0	0/0:45,0:45:99:0,102,1422:19,0,28,1	0/0:21,0:21:54:0,54,810:18,0,8,0	0/0:34,0:34:90:0,90,1350:19,0,14,0	0/0:36,0:36:96:0,96,1114:16,0,17,0	0/0:26,0:26:75:0,75,1125:12,0,13,0	0/0:21,0:21:48:0,48,720:4,0,16,0	0/0:39,0:39:99:0,99,1263:18,0,21,0	0/0:26,0:26:72:0,72,862:10,0,14,1	0/0:39,0:39:60:0,60,1117:17,0,17,0	0/0:25,0:25:67:0,67,804:12,0,13,0	0/0:32,0:32:85:0,85,936:11,0,16,0	0/0:28,0:28:65:0,65,846:10,1,16,0	0/0:25,0:25:66:0,66,990:15,0,8,0	0/0:35,0:35:87:0,87,1305:22,0,14,0	0/0:35,0:35:99:0,99,1165:20,0,15,0	0/0:22,0:22:60:0,60,744:12,0,14,0	0/0:34,0:34:99:0,99,1485:18,0,11,0	0/0:30,0:30:76:0,76,893:14,0,11,0	0/0:26,0:26:66:0,66,791:12,0,12,0	0/0:34,0:34:91:0,91,1099:18,0,15,0	0/0:31,0:31:75:0,75,901:15,0,13,0	0/0:42,0:42:99:0,111,1431:17,0,26,0
